C:/Users/mregalado_enyuare/STM32CubeIDE/workspace_2.1.0/another_attempt/Core/Src/main.c:65:5:main	1
C:/Users/mregalado_enyuare/STM32CubeIDE/workspace_2.1.0/another_attempt/Core/Src/main.c:111:6:SystemClock_Config	4
C:/Users/mregalado_enyuare/STM32CubeIDE/workspace_2.1.0/another_attempt/Core/Src/main.c:162:13:MX_GPIO_Init	1
C:/Users/mregalado_enyuare/STM32CubeIDE/workspace_2.1.0/another_attempt/Core/Src/main.c:193:6:MPU_Config	1
C:/Users/mregalado_enyuare/STM32CubeIDE/workspace_2.1.0/another_attempt/Core/Src/main.c:224:6:Error_Handler	1
