C:/Users/mregalado_enyuare/STM32CubeIDE/workspace_2.1.0/another_attempt/Core/Src/main.c:65:5:main	8	static
C:/Users/mregalado_enyuare/STM32CubeIDE/workspace_2.1.0/another_attempt/Core/Src/main.c:111:6:SystemClock_Config	120	static
C:/Users/mregalado_enyuare/STM32CubeIDE/workspace_2.1.0/another_attempt/Core/Src/main.c:162:13:MX_GPIO_Init	32	static
C:/Users/mregalado_enyuare/STM32CubeIDE/workspace_2.1.0/another_attempt/Core/Src/main.c:193:6:MPU_Config	24	static
C:/Users/mregalado_enyuare/STM32CubeIDE/workspace_2.1.0/another_attempt/Core/Src/main.c:224:6:Error_Handler	4	static,ignoring_inline_asm
