Archive member included to satisfy reference by file (symbol)

C:/ST/STM32CubeIDE_2.1.0/STM32CubeIDE/plugins/com.st.stm32cube.ide.mcu.externaltools.gnu-tools-for-stm32.14.3.rel1.win32_1.0.100.202602081740/tools/bin/../lib/gcc/arm-none-eabi/14.3.1/../../../../arm-none-eabi/lib/thumb/v7e-m+dp/hard\libc_nano.a(libc_a-exit.o)
                              C:/ST/STM32CubeIDE_2.1.0/STM32CubeIDE/plugins/com.st.stm32cube.ide.mcu.externaltools.gnu-tools-for-stm32.14.3.rel1.win32_1.0.100.202602081740/tools/bin/../lib/gcc/arm-none-eabi/14.3.1/../../../../arm-none-eabi/lib/thumb/v7e-m+dp/hard/crt0.o (exit)
C:/ST/STM32CubeIDE_2.1.0/STM32CubeIDE/plugins/com.st.stm32cube.ide.mcu.externaltools.gnu-tools-for-stm32.14.3.rel1.win32_1.0.100.202602081740/tools/bin/../lib/gcc/arm-none-eabi/14.3.1/../../../../arm-none-eabi/lib/thumb/v7e-m+dp/hard\libc_nano.a(libc_a-findfp.o)
                              C:/ST/STM32CubeIDE_2.1.0/STM32CubeIDE/plugins/com.st.stm32cube.ide.mcu.externaltools.gnu-tools-for-stm32.14.3.rel1.win32_1.0.100.202602081740/tools/bin/../lib/gcc/arm-none-eabi/14.3.1/../../../../arm-none-eabi/lib/thumb/v7e-m+dp/hard\libc_nano.a(libc_a-exit.o) (__stdio_exit_handler)
C:/ST/STM32CubeIDE_2.1.0/STM32CubeIDE/plugins/com.st.stm32cube.ide.mcu.externaltools.gnu-tools-for-stm32.14.3.rel1.win32_1.0.100.202602081740/tools/bin/../lib/gcc/arm-none-eabi/14.3.1/../../../../arm-none-eabi/lib/thumb/v7e-m+dp/hard\libc_nano.a(libc_a-fwalk.o)
                              C:/ST/STM32CubeIDE_2.1.0/STM32CubeIDE/plugins/com.st.stm32cube.ide.mcu.externaltools.gnu-tools-for-stm32.14.3.rel1.win32_1.0.100.202602081740/tools/bin/../lib/gcc/arm-none-eabi/14.3.1/../../../../arm-none-eabi/lib/thumb/v7e-m+dp/hard\libc_nano.a(libc_a-findfp.o) (_fwalk_sglue)
C:/ST/STM32CubeIDE_2.1.0/STM32CubeIDE/plugins/com.st.stm32cube.ide.mcu.externaltools.gnu-tools-for-stm32.14.3.rel1.win32_1.0.100.202602081740/tools/bin/../lib/gcc/arm-none-eabi/14.3.1/../../../../arm-none-eabi/lib/thumb/v7e-m+dp/hard\libc_nano.a(libc_a-printf.o)
                              ./Core/Src/main.o (printf)
C:/ST/STM32CubeIDE_2.1.0/STM32CubeIDE/plugins/com.st.stm32cube.ide.mcu.externaltools.gnu-tools-for-stm32.14.3.rel1.win32_1.0.100.202602081740/tools/bin/../lib/gcc/arm-none-eabi/14.3.1/../../../../arm-none-eabi/lib/thumb/v7e-m+dp/hard\libc_nano.a(libc_a-puts.o)
                              ./Core/Src/main.o (puts)
C:/ST/STM32CubeIDE_2.1.0/STM32CubeIDE/plugins/com.st.stm32cube.ide.mcu.externaltools.gnu-tools-for-stm32.14.3.rel1.win32_1.0.100.202602081740/tools/bin/../lib/gcc/arm-none-eabi/14.3.1/../../../../arm-none-eabi/lib/thumb/v7e-m+dp/hard\libc_nano.a(libc_a-stdio.o)
                              C:/ST/STM32CubeIDE_2.1.0/STM32CubeIDE/plugins/com.st.stm32cube.ide.mcu.externaltools.gnu-tools-for-stm32.14.3.rel1.win32_1.0.100.202602081740/tools/bin/../lib/gcc/arm-none-eabi/14.3.1/../../../../arm-none-eabi/lib/thumb/v7e-m+dp/hard\libc_nano.a(libc_a-findfp.o) (__sread)
C:/ST/STM32CubeIDE_2.1.0/STM32CubeIDE/plugins/com.st.stm32cube.ide.mcu.externaltools.gnu-tools-for-stm32.14.3.rel1.win32_1.0.100.202602081740/tools/bin/../lib/gcc/arm-none-eabi/14.3.1/../../../../arm-none-eabi/lib/thumb/v7e-m+dp/hard\libc_nano.a(libc_a-wbuf.o)
                              C:/ST/STM32CubeIDE_2.1.0/STM32CubeIDE/plugins/com.st.stm32cube.ide.mcu.externaltools.gnu-tools-for-stm32.14.3.rel1.win32_1.0.100.202602081740/tools/bin/../lib/gcc/arm-none-eabi/14.3.1/../../../../arm-none-eabi/lib/thumb/v7e-m+dp/hard\libc_nano.a(libc_a-puts.o) (__swbuf_r)
C:/ST/STM32CubeIDE_2.1.0/STM32CubeIDE/plugins/com.st.stm32cube.ide.mcu.externaltools.gnu-tools-for-stm32.14.3.rel1.win32_1.0.100.202602081740/tools/bin/../lib/gcc/arm-none-eabi/14.3.1/../../../../arm-none-eabi/lib/thumb/v7e-m+dp/hard\libc_nano.a(libc_a-wsetup.o)
                              C:/ST/STM32CubeIDE_2.1.0/STM32CubeIDE/plugins/com.st.stm32cube.ide.mcu.externaltools.gnu-tools-for-stm32.14.3.rel1.win32_1.0.100.202602081740/tools/bin/../lib/gcc/arm-none-eabi/14.3.1/../../../../arm-none-eabi/lib/thumb/v7e-m+dp/hard\libc_nano.a(libc_a-puts.o) (__swsetup_r)
C:/ST/STM32CubeIDE_2.1.0/STM32CubeIDE/plugins/com.st.stm32cube.ide.mcu.externaltools.gnu-tools-for-stm32.14.3.rel1.win32_1.0.100.202602081740/tools/bin/../lib/gcc/arm-none-eabi/14.3.1/../../../../arm-none-eabi/lib/thumb/v7e-m+dp/hard\libc_nano.a(libc_a-memset.o)
                              C:/ST/STM32CubeIDE_2.1.0/STM32CubeIDE/plugins/com.st.stm32cube.ide.mcu.externaltools.gnu-tools-for-stm32.14.3.rel1.win32_1.0.100.202602081740/tools/bin/../lib/gcc/arm-none-eabi/14.3.1/../../../../arm-none-eabi/lib/thumb/v7e-m+dp/hard/crt0.o (memset)
C:/ST/STM32CubeIDE_2.1.0/STM32CubeIDE/plugins/com.st.stm32cube.ide.mcu.externaltools.gnu-tools-for-stm32.14.3.rel1.win32_1.0.100.202602081740/tools/bin/../lib/gcc/arm-none-eabi/14.3.1/../../../../arm-none-eabi/lib/thumb/v7e-m+dp/hard\libc_nano.a(libc_a-closer.o)
[...]
Memory Configuration

Name             Origin             Length             Attributes
ITCMRAM          0x00000000         0x00010000         xrw
DTCMRAM          0x20000000         0x00020000         xrw
FLASH            0x08000000         0x00100000         xr
RAM_D1           0x24000000         0x00050000         xrw
RAM_D2           0x30000000         0x00008000         xrw
RAM_D3           0x38000000         0x00004000         xrw
*default*        0x00000000         0xffffffff

Linker script and memory map

LOAD C:/ST/STM32CubeIDE_2.1.0/STM32CubeIDE/plugins/com.st.stm32cube.ide.mcu.externaltools.gnu-tools-for-stm32.14.3.rel1.win32_1.0.100.202602081740/tools/bin/../lib/gcc/arm-none-eabi/14.3.1/thumb/v7e-m+dp/hard/crti.o
LOAD C:/ST/STM32CubeIDE_2.1.0/STM32CubeIDE/plugins/com.st.stm32cube.ide.mcu.externaltools.gnu-tools-for-stm32.14.3.rel1.win32_1.0.100.202602081740/tools/bin/../lib/gcc/arm-none-eabi/14.3.1/thumb/v7e-m+dp/hard/crtbegin.o
LOAD C:/ST/STM32CubeIDE_2.1.0/STM32CubeIDE/plugins/com.st.stm32cube.ide.mcu.externaltools.gnu-tools-for-stm32.14.3.rel1.win32_1.0.100.202602081740/tools/bin/../lib/gcc/arm-none-eabi/14.3.1/../../../../arm-none-eabi/lib/thumb/v7e-m+dp/hard/crt0.o
LOAD ./Core/Src/cup_detector.o
LOAD ./Core/Src/delay_us.o
LOAD ./Core/Src/hcsr04.o
LOAD ./Core/Src/main.o
LOAD ./Core/Src/stm32h7xx_hal_msp.o
LOAD ./Core/Src/stm32h7xx_it.o
LOAD ./Core/Src/syscalls.o
LOAD ./Core/Src/sysmem.o
LOAD ./Core/Src/system_stm32h7xx.o
LOAD ./Core/Startup/startup_stm32h723zgtx.o
LOAD ./Drivers/BSP/STM32H7xx_Nucleo/stm32h7xx_nucleo.o
LOAD ./Drivers/STM32H7xx_HAL_Driver/Src/stm32h7xx_hal.o
LOAD ./Drivers/STM32H7xx_HAL_Driver/Src/stm32h7xx_hal_cortex.o
LOAD ./Drivers/STM32H7xx_HAL_Driver/Src/stm32h7xx_hal_dma.o
LOAD ./Drivers/STM32H7xx_HAL_Driver/Src/stm32h7xx_hal_dma_ex.o
LOAD ./Drivers/STM32H7xx_HAL_Driver/Src/stm32h7xx_hal_exti.o
LOAD ./Drivers/STM32H7xx_HAL_Driver/Src/stm32h7xx_hal_flash.o
LOAD ./Drivers/STM32H7xx_HAL_Driver/Src/stm32h7xx_hal_flash_ex.o
LOAD ./Drivers/STM32H7xx_HAL_Driver/Src/stm32h7xx_hal_gpio.o
LOAD ./Drivers/STM32H7xx_HAL_Driver/Src/stm32h7xx_hal_hsem.o
LOAD ./Drivers/STM32H7xx_HAL_Driver/Src/stm32h7xx_hal_i2c.o
LOAD ./Drivers/STM32H7xx_HAL_Driver/Src/stm32h7xx_hal_i2c_ex.o
LOAD ./Drivers/STM32H7xx_HAL_Driver/Src/stm32h7xx_hal_mdma.o
LOAD ./Drivers/STM32H7xx_HAL_Driver/Src/stm32h7xx_hal_pwr.o
LOAD ./Drivers/STM32H7xx_HAL_Driver/Src/stm32h7xx_hal_pwr_ex.o
LOAD ./Drivers/STM32H7xx_HAL_Driver/Src/stm32h7xx_hal_rcc.o
LOAD ./Drivers/STM32H7xx_HAL_Driver/Src/stm32h7xx_hal_rcc_ex.o
LOAD ./Drivers/STM32H7xx_HAL_Driver/Src/stm32h7xx_hal_tim.o
LOAD ./Drivers/STM32H7xx_HAL_Driver/Src/stm32h7xx_hal_tim_ex.o
LOAD ./Drivers/STM32H7xx_HAL_Driver/Src/stm32h7xx_hal_uart.o
LOAD ./Drivers/STM32H7xx_HAL_Driver/Src/stm32h7xx_hal_uart_ex.o
LOAD ./Drivers/STM32H7xx_HAL_Driver/Src/stm32h7xx_hal_usart.o
LOAD ./Drivers/STM32H7xx_HAL_Driver/Src/stm32h7xx_hal_usart_ex.o
START GROUP
LOAD C:/ST/STM32CubeIDE_2.1.0/STM32CubeIDE/plugins/com.st.stm32cube.ide.mcu.externaltools.gnu-tools-for-stm32.14.3.rel1.win32_1.0.100.202602081740/tools/bin/../lib/gcc/arm-none-eabi/14.3.1/../../../../arm-none-eabi/lib/thumb/v7e-m+dp/hard\libc_nano.a
LOAD C:/ST/STM32CubeIDE_2.1.0/STM32CubeIDE/plugins/com.st.stm32cube.ide.mcu.externaltools.gnu-tools-for-stm32.14.3.rel1.win32_1.0.100.202602081740/tools/bin/../lib/gcc/arm-none-eabi/14.3.1/../../../../arm-none-eabi/lib/thumb/v7e-m+dp/hard\libm.a
END GROUP
START GROUP
LOAD C:/ST/STM32CubeIDE_2.1.0/STM32CubeIDE/plugins/com.st.stm32cube.ide.mcu.externaltools.gnu-tools-for-stm32.14.3.rel1.win32_1.0.100.202602081740/tools/bin/../lib/gcc/arm-none-eabi/14.3.1/thumb/v7e-m+dp/hard\libgcc.a
LOAD C:/ST/STM32CubeIDE_2.1.0/STM32CubeIDE/plugins/com.st.stm32cube.ide.mcu.externaltools.gnu-tools-for-stm32.14.3.rel1.win32_1.0.100.202602081740/tools/bin/../lib/gcc/arm-none-eabi/14.3.1/../../../../arm-none-eabi/lib/thumb/v7e-m+dp/hard\libc_nano.a
END GROUP
START GROUP
LOAD C:/ST/STM32CubeIDE_2.1.0/STM32CubeIDE/plugins/com.st.stm32cube.ide.mcu.externaltools.gnu-tools-for-stm32.14.3.rel1.win32_1.0.100.202602081740/tools/bin/../lib/gcc/arm-none-eabi/14.3.1/thumb/v7e-m+dp/hard\libgcc.a
LOAD C:/ST/STM32CubeIDE_2.1.0/STM32CubeIDE/plugins/com.st.stm32cube.ide.mcu.externaltools.gnu-tools-for-stm32.14.3.rel1.win32_1.0.100.202602081740/tools/bin/../lib/gcc/arm-none-eabi/14.3.1/../../../../arm-none-eabi/lib/thumb/v7e-m+dp/hard\libc_nano.a
LOAD C:/ST/STM32CubeIDE_2.1.0/STM32CubeIDE/plugins/com.st.stm32cube.ide.mcu.externaltools.gnu-tools-for-stm32.14.3.rel1.win32_1.0.100.202602081740/tools/bin/../lib/gcc/arm-none-eabi/14.3.1/../../../../arm-none-eabi/lib/thumb/v7e-m+dp/hard\libnosys.a
END GROUP
START GROUP
LOAD C:/ST/STM32CubeIDE_2.1.0/STM32CubeIDE/plugins/com.st.stm32cube.ide.mcu.externaltools.gnu-tools-for-stm32.14.3.rel1.win32_1.0.100.202602081740/tools/bin/../lib/gcc/arm-none-eabi/14.3.1/thumb/v7e-m+dp/hard\libgcc.a
LOAD C:/ST/STM32CubeIDE_2.1.0/STM32CubeIDE/plugins/com.st.stm32cube.ide.mcu.externaltools.gnu-tools-for-stm32.14.3.rel1.win32_1.0.100.202602081740/tools/bin/../lib/gcc/arm-none-eabi/14.3.1/../../../../arm-none-eabi/lib/thumb/v7e-m+dp/hard\libc_nano.a
LOAD C:/ST/STM32CubeIDE_2.1.0/STM32CubeIDE/plugins/com.st.stm32cube.ide.mcu.externaltools.gnu-tools-for-stm32.14.3.rel1.win32_1.0.100.202602081740/tools/bin/../lib/gcc/arm-none-eabi/14.3.1/../../../../arm-none-eabi/lib/thumb/v7e-m+dp/hard\libnosys.a
END GROUP
LOAD C:/ST/STM32CubeIDE_2.1.0/STM32CubeIDE/plugins/com.st.stm32cube.ide.mcu.externaltools.gnu-tools-for-stm32.14.3.rel1.win32_1.0.100.202602081740/tools/bin/../lib/gcc/arm-none-eabi/14.3.1/thumb/v7e-m+dp/hard/crtend.o
LOAD C:/ST/STM32CubeIDE_2.1.0/STM32CubeIDE/plugins/com.st.stm32cube.ide.mcu.externaltools.gnu-tools-for-stm32.14.3.rel1.win32_1.0.100.202602081740/tools/bin/../lib/gcc/arm-none-eabi/14.3.1/thumb/v7e-m+dp/hard/crtn.o
                0x24050000                        _estack = (ORIGIN (RAM_D1) + LENGTH (RAM_D1))
                0x00000200                        _Min_Heap_Size = 0x200
                0x00000400                        _Min_Stack_Size = 0x400

.isr_vector     0x08000000      0x2cc
                0x08000000                        . = ALIGN (0x4)
 *(.isr_vector)
 .isr_vector    0x08000000      0x2cc ./Core/Startup/startup_stm32h723zgtx.o
                0x08000000                g_pfnVectors
                0x080002cc                        . = ALIGN (0x4)

.text           0x080002d0     0x5668
                0x080002d0                        . = ALIGN (0x4)
 *(.text)
 .text          0x080002d0       0x40 C:/ST/STM32CubeIDE_2.1.0/STM32CubeIDE/plugins/com.st.stm32cube.ide.mcu.externaltools.gnu-tools-for-stm32.14.3.rel1.win32_1.0.100.202602081740/tools/bin/../lib/gcc/arm-none-eabi/14.3.1/thumb/v7e-m+dp/hard/crtbegin.o
 .text          0x08000310       0xa0 C:/ST/STM32CubeIDE_2.1.0/STM32CubeIDE/plugins/com.st.stm32cube.ide.mcu.externaltools.gnu-tools-for-stm32.14.3.rel1.win32_1.0.100.202602081740/tools/bin/../lib/gcc/arm-none-eabi/14.3.1/../../../../arm-none-eabi/lib/thumb/v7e-m+dp/hard\libc_nano.a(libc_a-memchr.o)
                0x08000310                memchr
 .text          0x080003b0       0x30 C:/ST/STM32CubeIDE_2.1.0/STM32CubeIDE/plugins/com.st.stm32cube.ide.mcu.externaltools.gnu-tools-for-stm32.14.3.rel1.win32_1.0.100.202602081740/tools/bin/../lib/gcc/arm-none-eabi/14.3.1/thumb/v7e-m+dp/hard\libgcc.a(_aeabi_uldivmod.o)
                0x080003b0                __aeabi_uldivmod
 .text          0x080003e0      0x2f8 C:/ST/STM32CubeIDE_2.1.0/STM32CubeIDE/plugins/com.st.stm32cube.ide.mcu.externaltools.gnu-tools-for-stm32.14.3.rel1.win32_1.0.100.202602081740/tools/bin/../lib/gcc/arm-none-eabi/14.3.1/thumb/v7e-m+dp/hard\libgcc.a(_udivmoddi4.o)
                0x080003e0                __udivmoddi4
 .text          0x080006d8        0x4 C:/ST/STM32CubeIDE_2.1.0/STM32CubeIDE/plugins/com.st.stm32cube.ide.mcu.externaltools.gnu-tools-for-stm32.14.3.rel1.win32_1.0.100.202602081740/tools/bin/../lib/gcc/arm-none-eabi/14.3.1/thumb/v7e-m+dp/hard\libgcc.a(_dvmd_tls.o)
                0x080006d8                __aeabi_idiv0
                0x080006d8                __aeabi_ldiv0
 *(.text*)
 .text.GetAverage
                0x080006dc       0x98 ./Core/Src/cup_detector.o
 .text.ClassifyDistance
                0x08000774       0xc0 ./Core/Src/cup_detector.o
 .text.CupDetector_Update
                0x08000834      0x140 ./Core/Src/cup_detector.o
                0x08000834                CupDetector_Update
 .text.GetSystemConsensus
                0x08000974       0xa4 ./Core/Src/cup_detector.o
                0x08000974                GetSystemConsensus
 .text.GetCupCount
                0x08000a18       0x88 ./Core/Src/cup_detector.o
                0x08000a18                GetCupCount
 .text.DWT_Delay_Init
                0x08000aa0       0x34 ./Core/Src/delay_us.o
                0x08000aa0                DWT_Delay_Init
 .text.delay_us
                0x08000ad4       0x4c ./Core/Src/delay_us.o
                0x08000ad4                delay_us
 .text.Trigger  0x08000b20       0x4c ./Core/Src/hcsr04.o
 .text.HCSR04_Init
                0x08000b6c       0x98 ./Core/Src/hcsr04.o
                0x08000b6c                HCSR04_Init
 .text.HCSR04_Read
                0x08000c04      0x110 ./Core/Src/hcsr04.o
                0x08000c04                HCSR04_Read
 .text.HCSR04_ReadAvg
                0x08000d14       0x90 ./Core/Src/hcsr04.o
                0x08000d14                HCSR04_ReadAvg
 .text.HCSR04_ScanAll
                0x08000da4       0x50 ./Core/Src/hcsr04.o
                0x08000da4                HCSR04_ScanAll
 .text.main     0x08000df4      0x1c4 ./Core/Src/main.o
                0x08000df4                main
 .text.SystemClock_Config
                0x08000fb8       0xe0 ./Core/Src/main.o
                0x08000fb8                SystemClock_Config
 .text.MX_GPIO_Init
                0x08001098       0xdc ./Core/Src/main.o
 .text.MPU_Config
                0x08001174       0x58 ./Core/Src/main.o
 .text.Error_Handler
                0x080011cc        0xc ./Core/Src/main.o
                0x080011cc                Error_Handler
 .text.HAL_MspInit
                0x080011d8       0x34 ./Core/Src/stm32h7xx_hal_msp.o
                0x080011d8                HAL_MspInit
 .text.NMI_Handler
                0x0800120c        0x8 ./Core/Src/stm32h7xx_it.o
                0x0800120c                NMI_Handler
 .text.HardFault_Handler
                0x08001214        0x8 ./Core/Src/stm32h7xx_it.o
                0x08001214                HardFault_Handler
 .text.MemManage_Handler
                0x0800121c        0x8 ./Core/Src/stm32h7xx_it.o
                0x0800121c                MemManage_Handler
 .text.BusFault_Handler
                0x08001224        0x8 ./Core/Src/stm32h7xx_it.o
                0x08001224                BusFault_Handler
 .text.UsageFault_Handler
                0x0800122c        0x8 ./Core/Src/stm32h7xx_it.o
                0x0800122c                UsageFault_Handler
 .text.SVC_Handler
                0x08001234        0xe ./Core/Src/stm32h7xx_it.o
                0x08001234                SVC_Handler
 .text.DebugMon_Handler
                0x08001242        0xe ./Core/Src/stm32h7xx_it.o
                0x08001242                DebugMon_Handler
 .text.PendSV_Handler
                0x08001250        0xe ./Core/Src/stm32h7xx_it.o
                0x08001250                PendSV_Handler
 .text.SysTick_Handler
                0x0800125e        0xc ./Core/Src/stm32h7xx_it.o
                0x0800125e                SysTick_Handler
 .text.EXTI15_10_IRQHandler
                0x0800126a        0xe ./Core/Src/stm32h7xx_it.o
                0x0800126a                EXTI15_10_IRQHandler
 .text._read    0x08001278       0x3a ./Core/Src/syscalls.o
                0x08001278                _read
 .text._write   0x080012b2       0x38 ./Core/Src/syscalls.o
                0x080012b2                _write
 .text._close   0x080012ea       0x18 ./Core/Src/syscalls.o
                0x080012ea                _close
 .text._fstat   0x08001302       0x20 ./Core/Src/syscalls.o
                0x08001302                _fstat
 .text._isatty  0x08001322       0x16 ./Core/Src/syscalls.o
                0x08001322                _isatty
 .text._lseek   0x08001338       0x1a ./Core/Src/syscalls.o
                0x08001338                _lseek
 *fill*         0x08001352        0x2 
 .text._sbrk    0x08001354       0x6c ./Core/Src/sysmem.o
                0x08001354                _sbrk
 .text.SystemInit
                0x080013c0      0x120 ./Core/Src/system_stm32h7xx.o
                0x080013c0                SystemInit
 .text.ExitRun0Mode
                0x080014e0       0x18 ./Core/Src/system_stm32h7xx.o
                0x080014e0                ExitRun0Mode
 .text.Reset_Handler
                0x080014f8       0x54 ./Core/Startup/startup_stm32h723zgtx.o
                0x080014f8                Reset_Handler
 .text.Default_Handler
                0x0800154c        0x2 ./Core/Startup/startup_stm32h723zgtx.o
                0x0800154c                RTC_Alarm_IRQHandler
                0x0800154c                EXTI2_IRQHandler
                0x0800154c                TIM8_CC_IRQHandler
                0x0800154c                UART8_IRQHandler
                0x0800154c                SPI4_IRQHandler
                0x0800154c                FDCAN3_IT0_IRQHandler
                0x0800154c                TIM1_CC_IRQHandler
                0x0800154c                BDMA_Channel6_IRQHandler
                0x0800154c                DMA2_Stream5_IRQHandler
                0x0800154c                DMA1_Stream5_IRQHandler
                0x0800154c                CORDIC_IRQHandler
                0x0800154c                BDMA_Channel1_IRQHandler
                0x0800154c                TAMP_STAMP_IRQHandler
                0x0800154c                EXTI3_IRQHandler
                0x0800154c                LPTIM4_IRQHandler
                0x0800154c                TIM8_TRG_COM_TIM14_IRQHandler
                0x0800154c                LPTIM2_IRQHandler
                0x0800154c                DFSDM1_FLT1_IRQHandler
                0x0800154c                DMAMUX2_OVR_IRQHandler
                0x0800154c                TIM8_UP_TIM13_IRQHandler
                0x0800154c                I2C3_ER_IRQHandler
                0x0800154c                DFSDM1_FLT2_IRQHandler
                0x0800154c                I2C5_EV_IRQHandler
                0x0800154c                USART10_IRQHandler
                0x0800154c                MDMA_IRQHandler
                0x0800154c                LPTIM3_IRQHandler
                0x0800154c                HSEM1_IRQHandler
                0x0800154c                EXTI0_IRQHandler
                0x0800154c                I2C2_EV_IRQHandler
                0x0800154c                DMA1_Stream2_IRQHandler
                0x0800154c                FPU_IRQHandler
                0x0800154c                OTG_HS_WKUP_IRQHandler
                0x0800154c                FDCAN1_IT1_IRQHandler
                0x0800154c                LTDC_ER_IRQHandler
                0x0800154c                DMA2_Stream2_IRQHandler
                0x0800154c                SPI1_IRQHandler
                0x0800154c                OCTOSPI1_IRQHandler
                0x0800154c                TIM6_DAC_IRQHandler
                0x0800154c                DMA2_Stream3_IRQHandler
                0x0800154c                OCTOSPI2_IRQHandler
                0x0800154c                DFSDM1_FLT3_IRQHandler
                0x0800154c                TIM23_IRQHandler
                0x0800154c                USART6_IRQHandler
                0x0800154c                TIM17_IRQHandler
                0x0800154c                USART3_IRQHandler
                0x0800154c                BDMA_Channel7_IRQHandler
                0x0800154c                LPTIM5_IRQHandler
                0x0800154c                UART5_IRQHandler
                0x0800154c                ADC3_IRQHandler
                0x0800154c                DMA2_Stream0_IRQHandler
                0x0800154c                TIM4_IRQHandler
                0x0800154c                BDMA_Channel2_IRQHandler
                0x0800154c                I2C1_EV_IRQHandler
                0x0800154c                DMA1_Stream6_IRQHandler
                0x0800154c                DMAMUX1_OVR_IRQHandler
                0x0800154c                DMA1_Stream1_IRQHandler
                0x0800154c                TIM16_IRQHandler
                0x0800154c                UART4_IRQHandler
                0x0800154c                BDMA_Channel5_IRQHandler
                0x0800154c                TIM3_IRQHandler
                0x0800154c                RCC_IRQHandler
                0x0800154c                UART9_IRQHandler
                0x0800154c                TIM8_BRK_TIM12_IRQHandler
                0x0800154c                TIM1_TRG_COM_IRQHandler
                0x0800154c                Default_Handler
                0x0800154c                ECC_IRQHandler
                0x0800154c                FMAC_IRQHandler
                0x0800154c                CEC_IRQHandler
                0x0800154c                BDMA_Channel0_IRQHandler
                0x0800154c                ADC_IRQHandler
                0x0800154c                I2C5_ER_IRQHandler
                0x0800154c                DMA1_Stream7_IRQHandler
                0x0800154c                SPI5_IRQHandler
                0x0800154c                TIM7_IRQHandler
                0x0800154c                FDCAN3_IT1_IRQHandler
                0x0800154c                SDMMC1_IRQHandler
                0x0800154c                TIM5_IRQHandler
                0x0800154c                DMA2_Stream7_IRQHandler
                0x0800154c                TIM15_IRQHandler
                0x0800154c                PVD_AVD_IRQHandler
                0x0800154c                I2C3_EV_IRQHandler
                0x0800154c                EXTI9_5_IRQHandler
                0x0800154c                RTC_WKUP_IRQHandler
                0x0800154c                LTDC_IRQHandler
                0x0800154c                ETH_WKUP_IRQHandler
                0x0800154c                SPDIF_RX_IRQHandler
                0x0800154c                SPI2_IRQHandler
                0x0800154c                OTG_HS_EP1_IN_IRQHandler
                0x0800154c                DMA1_Stream0_IRQHandler
                0x0800154c                TIM24_IRQHandler
                0x0800154c                CRS_IRQHandler
                0x0800154c                EXTI4_IRQHandler
                0x0800154c                RNG_IRQHandler
                0x0800154c                FDCAN2_IT1_IRQHandler
                0x0800154c                ETH_IRQHandler
                0x0800154c                TIM1_UP_IRQHandler
                0x0800154c                BDMA_Channel4_IRQHandler
                0x0800154c                OTG_HS_EP1_OUT_IRQHandler
                0x0800154c                WWDG_IRQHandler
                0x0800154c                SPI6_IRQHandler
                0x0800154c                MDIOS_IRQHandler
                0x0800154c                I2C4_EV_IRQHandler
                0x0800154c                FDCAN2_IT0_IRQHandler
                0x0800154c                LPUART1_IRQHandler
                0x0800154c                FDCAN1_IT0_IRQHandler
                0x0800154c                TIM2_IRQHandler
                0x0800154c                OTG_HS_IRQHandler
                0x0800154c                DMA2D_IRQHandler
                0x0800154c                TIM1_BRK_IRQHandler
                0x0800154c                EXTI1_IRQHandler
                0x0800154c                SDMMC2_IRQHandler
                0x0800154c                BDMA_Channel3_IRQHandler
                0x0800154c                DTS_IRQHandler
                0x0800154c                UART7_IRQHandler
                0x0800154c                MDIOS_WKUP_IRQHandler
                0x0800154c                USART2_IRQHandler
                0x0800154c                DFSDM1_FLT0_IRQHandler
                0x0800154c                SAI4_IRQHandler
                0x0800154c                I2C2_ER_IRQHandler
                0x0800154c                DMA2_Stream1_IRQHandler
                0x0800154c                FLASH_IRQHandler
                0x0800154c                DMA2_Stream4_IRQHandler
                0x0800154c                USART1_IRQHandler
                0x0800154c                SPI3_IRQHandler
                0x0800154c                WAKEUP_PIN_IRQHandler
                0x0800154c                DMA1_Stream4_IRQHandler
                0x0800154c                I2C1_ER_IRQHandler
                0x0800154c                FMC_IRQHandler
                0x0800154c                FDCAN_CAL_IRQHandler
                0x0800154c                SWPMI1_IRQHandler
                0x0800154c                COMP1_IRQHandler
                0x0800154c                LPTIM1_IRQHandler
                0x0800154c                DCMI_PSSI_IRQHandler
                0x0800154c                I2C4_ER_IRQHandler
                0x0800154c                DMA2_Stream6_IRQHandler
                0x0800154c                SAI1_IRQHandler
                0x0800154c                DMA1_Stream3_IRQHandler
 *fill*         0x0800154e        0x2 
 .text.BSP_LED_Init
                0x08001550       0xec ./Drivers/BSP/STM32H7xx_Nucleo/stm32h7xx_nucleo.o
                0x08001550                BSP_LED_Init
 .text.BSP_PB_Init
                0x0800163c       0xe4 ./Drivers/BSP/STM32H7xx_Nucleo/stm32h7xx_nucleo.o
                0x0800163c                BSP_PB_Init
 .text.BSP_PB_IRQHandler
                0x08001720       0x24 ./Drivers/BSP/STM32H7xx_Nucleo/stm32h7xx_nucleo.o
                0x08001720                BSP_PB_IRQHandler
 .text.BSP_PB_Callback
                0x08001744       0x16 ./Drivers/BSP/STM32H7xx_Nucleo/stm32h7xx_nucleo.o
                0x08001744                BSP_PB_Callback
 *fill*         0x0800175a        0x2 
 .text.BSP_COM_Init
                0x0800175c       0x60 ./Drivers/BSP/STM32H7xx_Nucleo/stm32h7xx_nucleo.o
                0x0800175c                BSP_COM_Init
 .text.MX_USART3_Init
                0x080017bc       0x64 ./Drivers/BSP/STM32H7xx_Nucleo/stm32h7xx_nucleo.o
                0x080017bc                MX_USART3_Init
 .text.__io_putchar
                0x08001820       0x38 ./Drivers/BSP/STM32H7xx_Nucleo/stm32h7xx_nucleo.o
                0x08001820                __io_putchar
 .text.BUTTON_USER_EXTI_Callback
                0x08001858        0xe ./Drivers/BSP/STM32H7xx_Nucleo/stm32h7xx_nucleo.o
 *fill*         0x08001866        0x2 
 .text.COM1_MspInit
                0x08001868       0xb0 ./Drivers/BSP/STM32H7xx_Nucleo/stm32h7xx_nucleo.o
 .text.HAL_Init
                0x08001918       0x78 ./Drivers/STM32H7xx_HAL_Driver/Src/stm32h7xx_hal.o
                0x08001918                HAL_Init
 .text.HAL_InitTick
                0x08001990       0x6c ./Drivers/STM32H7xx_HAL_Driver/Src/stm32h7xx_hal.o
                0x08001990                HAL_InitTick
 .text.HAL_IncTick
                0x080019fc       0x28 ./Drivers/STM32H7xx_HAL_Driver/Src/stm32h7xx_hal.o
                0x080019fc                HAL_IncTick
 .text.HAL_GetTick
                0x08001a24       0x18 ./Drivers/STM32H7xx_HAL_Driver/Src/stm32h7xx_hal.o
                0x08001a24                HAL_GetTick
 .text.HAL_Delay
                0x08001a3c       0x48 ./Drivers/STM32H7xx_HAL_Driver/Src/stm32h7xx_hal.o
                0x08001a3c                HAL_Delay
 .text.HAL_SYSCFG_AnalogSwitchConfig
                0x08001a84       0x2c ./Drivers/STM32H7xx_HAL_Driver/Src/stm32h7xx_hal.o
                0x08001a84                HAL_SYSCFG_AnalogSwitchConfig
 .text.__NVIC_SetPriorityGrouping
                0x08001ab0       0x48 ./Drivers/STM32H7xx_HAL_Driver/Src/stm32h7xx_hal_cortex.o
 .text.__NVIC_GetPriorityGrouping
                0x08001af8       0x1c ./Drivers/STM32H7xx_HAL_Driver/Src/stm32h7xx_hal_cortex.o
 .text.__NVIC_EnableIRQ
                0x08001b14       0x3c ./Drivers/STM32H7xx_HAL_Driver/Src/stm32h7xx_hal_cortex.o
 .text.__NVIC_SetPriority
                0x08001b50       0x54 ./Drivers/STM32H7xx_HAL_Driver/Src/stm32h7xx_hal_cortex.o
 .text.NVIC_EncodePriority
                0x08001ba4       0x66 ./Drivers/STM32H7xx_HAL_Driver/Src/stm32h7xx_hal_cortex.o
 *fill*         0x08001c0a        0x2 
 .text.SysTick_Config
                0x08001c0c       0x44 ./Drivers/STM32H7xx_HAL_Driver/Src/stm32h7xx_hal_cortex.o
 .text.HAL_NVIC_SetPriorityGrouping
                0x08001c50       0x16 ./Drivers/STM32H7xx_HAL_Driver/Src/stm32h7xx_hal_cortex.o
                0x08001c50                HAL_NVIC_SetPriorityGrouping
 .text.HAL_NVIC_SetPriority
                0x08001c66       0x34 ./Drivers/STM32H7xx_HAL_Driver/Src/stm32h7xx_hal_cortex.o
                0x08001c66                HAL_NVIC_SetPriority
 .text.HAL_NVIC_EnableIRQ
                0x08001c9a       0x1c ./Drivers/STM32H7xx_HAL_Driver/Src/stm32h7xx_hal_cortex.o
                0x08001c9a                HAL_NVIC_EnableIRQ
 .text.HAL_SYSTICK_Config
                0x08001cb6       0x18 ./Drivers/STM32H7xx_HAL_Driver/Src/stm32h7xx_hal_cortex.o
                0x08001cb6                HAL_SYSTICK_Config
 *fill*         0x08001cce        0x2 
 .text.HAL_MPU_Disable
                0x08001cd0       0x30 ./Drivers/STM32H7xx_HAL_Driver/Src/stm32h7xx_hal_cortex.o
                0x08001cd0                HAL_MPU_Disable
 .text.HAL_MPU_Enable
                0x08001d00       0x40 ./Drivers/STM32H7xx_HAL_Driver/Src/stm32h7xx_hal_cortex.o
                0x08001d00                HAL_MPU_Enable
 .text.HAL_MPU_ConfigRegion
                0x08001d40       0x80 ./Drivers/STM32H7xx_HAL_Driver/Src/stm32h7xx_hal_cortex.o
                0x08001d40                HAL_MPU_ConfigRegion
 .text.HAL_EXTI_RegisterCallback
                0x08001dc0       0x3e ./Drivers/STM32H7xx_HAL_Driver/Src/stm32h7xx_hal_exti.o
                0x08001dc0                HAL_EXTI_RegisterCallback
 .text.HAL_EXTI_GetHandle
                0x08001dfe       0x28 ./Drivers/STM32H7xx_HAL_Driver/Src/stm32h7xx_hal_exti.o
                0x08001dfe                HAL_EXTI_GetHandle
 *fill*         0x08001e26        0x2 
 .text.HAL_EXTI_IRQHandler
                0x08001e28       0x60 ./Drivers/STM32H7xx_HAL_Driver/Src/stm32h7xx_hal_exti.o
                0x08001e28                HAL_EXTI_IRQHandler
 .text.HAL_GPIO_Init
                0x08001e88      0x364 ./Drivers/STM32H7xx_HAL_Driver/Src/stm32h7xx_hal_gpio.o
                0x08001e88                HAL_GPIO_Init
 .text.HAL_GPIO_ReadPin
                0x080021ec       0x30 ./Drivers/STM32H7xx_HAL_Driver/Src/stm32h7xx_hal_gpio.o
                0x080021ec                HAL_GPIO_ReadPin
 .text.HAL_GPIO_WritePin
                0x0800221c       0x32 ./Drivers/STM32H7xx_HAL_Driver/Src/stm32h7xx_hal_gpio.o
                0x0800221c                HAL_GPIO_WritePin
 *fill*         0x0800224e        0x2 
 .text.HAL_PWREx_ConfigSupply
                0x08002250       0x74 ./Drivers/STM32H7xx_HAL_Driver/Src/stm32h7xx_hal_pwr_ex.o
                0x08002250                HAL_PWREx_ConfigSupply
 .text.HAL_RCC_OscConfig
                0x080022c4      0x7b4 ./Drivers/STM32H7xx_HAL_Driver/Src/stm32h7xx_hal_rcc.o
                0x080022c4                HAL_RCC_OscConfig
 .text.HAL_RCC_ClockConfig
                0x08002a78      0x36c ./Drivers/STM32H7xx_HAL_Driver/Src/stm32h7xx_hal_rcc.o
                0x08002a78                HAL_RCC_ClockConfig
 .text.HAL_RCC_GetSysClockFreq
                0x08002de4      0x2f4 ./Drivers/STM32H7xx_HAL_Driver/Src/stm32h7xx_hal_rcc.o
                0x08002de4                HAL_RCC_GetSysClockFreq
 .text.HAL_RCC_GetHCLKFreq
                0x080030d8       0x60 ./Drivers/STM32H7xx_HAL_Driver/Src/stm32h7xx_hal_rcc.o
                0x080030d8                HAL_RCC_GetHCLKFreq
 .text.HAL_RCC_GetPCLK1Freq
                0x08003138       0x2c ./Drivers/STM32H7xx_HAL_Driver/Src/stm32h7xx_hal_rcc.o
                0x08003138                HAL_RCC_GetPCLK1Freq
 .text.HAL_RCC_GetPCLK2Freq
                0x08003164       0x2c ./Drivers/STM32H7xx_HAL_Driver/Src/stm32h7xx_hal_rcc.o
                0x08003164                HAL_RCC_GetPCLK2Freq
 .text.HAL_RCCEx_GetD3PCLK1Freq
                0x08003190       0x2c ./Drivers/STM32H7xx_HAL_Driver/Src/stm32h7xx_hal_rcc_ex.o
                0x08003190                HAL_RCCEx_GetD3PCLK1Freq
 .text.HAL_RCCEx_GetPLL2ClockFreq
                0x080031bc      0x2a8 ./Drivers/STM32H7xx_HAL_Driver/Src/stm32h7xx_hal_rcc_ex.o
                0x080031bc                HAL_RCCEx_GetPLL2ClockFreq
 .text.HAL_RCCEx_GetPLL3ClockFreq
                0x08003464      0x2a8 ./Drivers/STM32H7xx_HAL_Driver/Src/stm32h7xx_hal_rcc_ex.o
                0x08003464                HAL_RCCEx_GetPLL3ClockFreq
 .text.HAL_UART_Init
                0x0800370c       0xa0 ./Drivers/STM32H7xx_HAL_Driver/Src/stm32h7xx_hal_uart.o
                0x0800370c                HAL_UART_Init
 .text.HAL_UART_MspInit
                0x080037ac       0x14 ./Drivers/STM32H7xx_HAL_Driver/Src/stm32h7xx_hal_uart.o
                0x080037ac                HAL_UART_MspInit
 .text.HAL_UART_Transmit
                0x080037c0      0x132 ./Drivers/STM32H7xx_HAL_Driver/Src/stm32h7xx_hal_uart.o
                0x080037c0                HAL_UART_Transmit
 *fill*         0x080038f2        0x2 
 .text.UART_SetConfig
                0x080038f4      0xcd8 ./Drivers/STM32H7xx_HAL_Driver/Src/stm32h7xx_hal_uart.o
                0x080038f4                UART_SetConfig
 .text.UART_AdvFeatureConfig
                0x080045cc      0x144 ./Drivers/STM32H7xx_HAL_Driver/Src/stm32h7xx_hal_uart.o
                0x080045cc                UART_AdvFeatureConfig
 .text.UART_CheckIdleState
                0x08004710      0x154 ./Drivers/STM32H7xx_HAL_Driver/Src/stm32h7xx_hal_uart.o
                0x08004710                UART_CheckIdleState
 .text.UART_WaitOnFlagUntilTimeout
                0x08004864       0xda ./Drivers/STM32H7xx_HAL_Driver/Src/stm32h7xx_hal_uart.o
                0x08004864                UART_WaitOnFlagUntilTimeout
 *fill*         0x0800493e        0x2 
 .text.UART_EndRxTransfer
                0x08004940       0xcc ./Drivers/STM32H7xx_HAL_Driver/Src/stm32h7xx_hal_uart.o
 .text.std      0x08004a0c       0x6c C:/ST/STM32CubeIDE_2.1.0/STM32CubeIDE/plugins/com.st.stm32cube.ide.mcu.externaltools.gnu-tools-for-stm32.14.3.rel1.win32_1.0.100.202602081740/tools/bin/../lib/gcc/arm-none-eabi/14.3.1/../../../../arm-none-eabi/lib/thumb/v7e-m+dp/hard\libc_nano.a(libc_a-findfp.o)
 .text.stdio_exit_handler
                0x08004a78       0x18 C:/ST/STM32CubeIDE_2.1.0/STM32CubeIDE/plugins/com.st.stm32cube.ide.mcu.externaltools.gnu-tools-for-stm32.14.3.rel1.win32_1.0.100.202602081740/tools/bin/../lib/gcc/arm-none-eabi/14.3.1/../../../../arm-none-eabi/lib/thumb/v7e-m+dp/hard\libc_nano.a(libc_a-findfp.o)
 .text.cleanup_stdio
                0x08004a90       0x40 C:/ST/STM32CubeIDE_2.1.0/STM32CubeIDE/plugins/com.st.stm32cube.ide.mcu.externaltools.gnu-tools-for-stm32.14.3.rel1.win32_1.0.100.202602081740/tools/bin/../lib/gcc/arm-none-eabi/14.3.1/../../../../arm-none-eabi/lib/thumb/v7e-m+dp/hard\libc_nano.a(libc_a-findfp.o)
 .text.global_stdio_init.part.0
                0x08004ad0       0x40 C:/ST/STM32CubeIDE_2.1.0/STM32CubeIDE/plugins/com.st.stm32cube.ide.mcu.externaltools.gnu-tools-for-stm32.14.3.rel1.win32_1.0.100.202602081740/tools/bin/../lib/gcc/arm-none-eabi/14.3.1/../../../../arm-none-eabi/lib/thumb/v7e-m+dp/hard\libc_nano.a(libc_a-findfp.o)
 .text.__sfp_lock_acquire
                0x08004b10        0xc C:/ST/STM32CubeIDE_2.1.0/STM32CubeIDE/plugins/com.st.stm32cube.ide.mcu.externaltools.gnu-tools-for-stm32.14.3.rel1.win32_1.0.100.202602081740/tools/bin/../lib/gcc/arm-none-eabi/14.3.1/../../../../arm-none-eabi/lib/thumb/v7e-m+dp/hard\libc_nano.a(libc_a-findfp.o)
                0x08004b10                __sfp_lock_acquire
 .text.__sfp_lock_release
                0x08004b1c        0xc C:/ST/STM32CubeIDE_2.1.0/STM32CubeIDE/plugins/com.st.stm32cube.ide.mcu.externaltools.gnu-tools-for-stm32.14.3.rel1.win32_1.0.100.202602081740/tools/bin/../lib/gcc/arm-none-eabi/14.3.1/../../../../arm-none-eabi/lib/thumb/v7e-m+dp/hard\libc_nano.a(libc_a-findfp.o)
                0x08004b1c                __sfp_lock_release
 .text.__sinit  0x08004b28       0x30 C:/ST/STM32CubeIDE_2.1.0/STM32CubeIDE/plugins/com.st.stm32cube.ide.mcu.externaltools.gnu-tools-for-stm32.14.3.rel1.win32_1.0.100.202602081740/tools/bin/../lib/gcc/arm-none-eabi/14.3.1/../../../../arm-none-eabi/lib/thumb/v7e-m+dp/hard\libc_nano.a(libc_a-findfp.o)
                0x08004b28                __sinit
 .text._fwalk_sglue
                0x08004b58       0x3c C:/ST/STM32CubeIDE_2.1.0/STM32CubeIDE/plugins/com.st.stm32cube.ide.mcu.externaltools.gnu-tools-for-stm32.14.3.rel1.win32_1.0.100.202602081740/tools/bin/../lib/gcc/arm-none-eabi/14.3.1/../../../../arm-none-eabi/lib/thumb/v7e-m+dp/hard\libc_nano.a(libc_a-fwalk.o)
                0x08004b58                _fwalk_sglue
 .text.printf   0x08004b94       0x24 C:/ST/STM32CubeIDE_2.1.0/STM32CubeIDE/plugins/com.st.stm32cube.ide.mcu.externaltools.gnu-tools-for-stm32.14.3.rel1.win32_1.0.100.202602081740/tools/bin/../lib/gcc/arm-none-eabi/14.3.1/../../../../arm-none-eabi/lib/thumb/v7e-m+dp/hard\libc_nano.a(libc_a-printf.o)
                0x08004b94                iprintf
                0x08004b94                printf
 .text._puts_r  0x08004bb8       0xaa C:/ST/STM32CubeIDE_2.1.0/STM32CubeIDE/plugins/com.st.stm32cube.ide.mcu.externaltools.gnu-tools-for-stm32.14.3.rel1.win32_1.0.100.202602081740/tools/bin/../lib/gcc/arm-none-eabi/14.3.1/../../../../arm-none-eabi/lib/thumb/v7e-m+dp/hard\libc_nano.a(libc_a-puts.o)
                0x08004bb8                _puts_r
 *fill*         0x08004c62        0x2 
 .text.puts     0x08004c64       0x10 C:/ST/STM32CubeIDE_2.1.0/STM32CubeIDE/plugins/com.st.stm32cube.ide.mcu.externaltools.gnu-tools-for-stm32.14.3.rel1.win32_1.0.100.202602081740/tools/bin/../lib/gcc/arm-none-eabi/14.3.1/../../../../arm-none-eabi/lib/thumb/v7e-m+dp/hard\libc_nano.a(libc_a-puts.o)
                0x08004c64                puts
 .text.__sread  0x08004c74       0x22 C:/ST/STM32CubeIDE_2.1.0/STM32CubeIDE/plugins/com.st.stm32cube.ide.mcu.externaltools.gnu-tools-for-stm32.14.3.rel1.win32_1.0.100.202602081740/tools/bin/../lib/gcc/arm-none-eabi/14.3.1/../../../../arm-none-eabi/lib/thumb/v7e-m+dp/hard\libc_nano.a(libc_a-stdio.o)
                0x08004c74                __sread
 .text.__swrite
                0x08004c96       0x38 C:/ST/STM32CubeIDE_2.1.0/STM32CubeIDE/plugins/com.st.stm32cube.ide.mcu.externaltools.gnu-tools-for-stm32.14.3.rel1.win32_1.0.100.202602081740/tools/bin/../lib/gcc/arm-none-eabi/14.3.1/../../../../arm-none-eabi/lib/thumb/v7e-m+dp/hard\libc_nano.a(libc_a-stdio.o)
                0x08004c96                __swrite
 .text.__sseek  0x08004cce       0x26 C:/ST/STM32CubeIDE_2.1.0/STM32CubeIDE/plugins/com.st.stm32cube.ide.mcu.externaltools.gnu-tools-for-stm32.14.3.rel1.win32_1.0.100.202602081740/tools/bin/../lib/gcc/arm-none-eabi/14.3.1/../../../../arm-none-eabi/lib/thumb/v7e-m+dp/hard\libc_nano.a(libc_a-stdio.o)
                0x08004cce                __sseek
 .text.__sclose
                0x08004cf4        0x8 C:/ST/STM32CubeIDE_2.1.0/STM32CubeIDE/plugins/com.st.stm32cube.ide.mcu.externaltools.gnu-tools-for-stm32.14.3.rel1.win32_1.0.100.202602081740/tools/bin/../lib/gcc/arm-none-eabi/14.3.1/../../../../arm-none-eabi/lib/thumb/v7e-m+dp/hard\libc_nano.a(libc_a-stdio.o)
                0x08004cf4                __sclose
 .text.__swbuf_r
                0x08004cfc       0x7c C:/ST/STM32CubeIDE_2.1.0/STM32CubeIDE/plugins/com.st.stm32cube.ide.mcu.externaltools.gnu-tools-for-stm32.14.3.rel1.win32_1.0.100.202602081740/tools/bin/../lib/gcc/arm-none-eabi/14.3.1/../../../../arm-none-eabi/lib/thumb/v7e-m+dp/hard\libc_nano.a(libc_a-wbuf.o)
                0x08004cfc                __swbuf_r
 .text.__swsetup_r
                0x08004d78       0xa8 C:/ST/STM32CubeIDE_2.1.0/STM32CubeIDE/plugins/com.st.stm32cube.ide.mcu.externaltools.gnu-tools-for-stm32.14.3.rel1.win32_1.0.100.202602081740/tools/bin/../lib/gcc/arm-none-eabi/14.3.1/../../../../arm-none-eabi/lib/thumb/v7e-m+dp/hard\libc_nano.a(libc_a-wsetup.o)
                0x08004d78                __swsetup_r
 .text.memset   0x08004e20       0x10 C:/ST/STM32CubeIDE_2.1.0/STM32CubeIDE/plugins/com.st.stm32cube.ide.mcu.externaltools.gnu-tools-for-stm32.14.3.rel1.win32_1.0.100.202602081740/tools/bin/../lib/gcc/arm-none-eabi/14.3.1/../../../../arm-none-eabi/lib/thumb/v7e-m+dp/hard\libc_nano.a(libc_a-memset.o)
                0x08004e20                memset
 .text._close_r
                0x08004e30       0x20 C:/ST/STM32CubeIDE_2.1.0/STM32CubeIDE/plugins/com.st.stm32cube.ide.mcu.externaltools.gnu-tools-for-stm32.14.3.rel1.win32_1.0.100.202602081740/tools/bin/../lib/gcc/arm-none-eabi/14.3.1/../../../../arm-none-eabi/lib/thumb/v7e-m+dp/hard\libc_nano.a(libc_a-closer.o)
                0x08004e30                _close_r
 .text._lseek_r
                0x08004e50       0x24 C:/ST/STM32CubeIDE_2.1.0/STM32CubeIDE/plugins/com.st.stm32cube.ide.mcu.externaltools.gnu-tools-for-stm32.14.3.rel1.win32_1.0.100.202602081740/tools/bin/../lib/gcc/arm-none-eabi/14.3.1/../../../../arm-none-eabi/lib/thumb/v7e-m+dp/hard\libc_nano.a(libc_a-lseekr.o)
                0x08004e50                _lseek_r
 .text._read_r  0x08004e74       0x24 C:/ST/STM32CubeIDE_2.1.0/STM32CubeIDE/plugins/com.st.stm32cube.ide.mcu.externaltools.gnu-tools-for-stm32.14.3.rel1.win32_1.0.100.202602081740/tools/bin/../lib/gcc/arm-none-eabi/14.3.1/../../../../arm-none-eabi/lib/thumb/v7e-m+dp/hard\libc_nano.a(libc_a-readr.o)
                0x08004e74                _read_r
 .text._write_r
                0x08004e98       0x24 C:/ST/STM32CubeIDE_2.1.0/STM32CubeIDE/plugins/com.st.stm32cube.ide.mcu.externaltools.gnu-tools-for-stm32.14.3.rel1.win32_1.0.100.202602081740/tools/bin/../lib/gcc/arm-none-eabi/14.3.1/../../../../arm-none-eabi/lib/thumb/v7e-m+dp/hard\libc_nano.a(libc_a-writer.o)
                0x08004e98                _write_r
 .text.__errno  0x08004ebc        0xc C:/ST/STM32CubeIDE_2.1.0/STM32CubeIDE/plugins/com.st.stm32cube.ide.mcu.externaltools.gnu-tools-for-stm32.14.3.rel1.win32_1.0.100.202602081740/tools/bin/../lib/gcc/arm-none-eabi/14.3.1/../../../../arm-none-eabi/lib/thumb/v7e-m+dp/hard\libc_nano.a(libc_a-errno.o)
                0x08004ebc                __errno
 .text.__libc_init_array
                0x08004ec8       0x48 C:/ST/STM32CubeIDE_2.1.0/STM32CubeIDE/plugins/com.st.stm32cube.ide.mcu.externaltools.gnu-tools-for-stm32.14.3.rel1.win32_1.0.100.202602081740/tools/bin/../lib/gcc/arm-none-eabi/14.3.1/../../../../arm-none-eabi/lib/thumb/v7e-m+dp/hard\libc_nano.a(libc_a-init.o)
                0x08004ec8                __libc_init_array
 .text.__retarget_lock_init_recursive
                0x08004f10        0x2 C:/ST/STM32CubeIDE_2.1.0/STM32CubeIDE/plugins/com.st.stm32cube.ide.mcu.externaltools.gnu-tools-for-stm32.14.3.rel1.win32_1.0.100.202602081740/tools/bin/../lib/gcc/arm-none-eabi/14.3.1/../../../../arm-none-eabi/lib/thumb/v7e-m+dp/hard\libc_nano.a(libc_a-lock.o)
                0x08004f10                __retarget_lock_init_recursive
 .text.__retarget_lock_acquire_recursive
                0x08004f12        0x2 C:/ST/STM32CubeIDE_2.1.0/STM32CubeIDE/plugins/com.st.stm32cube.ide.mcu.externaltools.gnu-tools-for-stm32.14.3.rel1.win32_1.0.100.202602081740/tools/bin/../lib/gcc/arm-none-eabi/14.3.1/../../../../arm-none-eabi/lib/thumb/v7e-m+dp/hard\libc_nano.a(libc_a-lock.o)
                0x08004f12                __retarget_lock_acquire_recursive
 .text.__retarget_lock_release_recursive
                0x08004f14        0x2 C:/ST/STM32CubeIDE_2.1.0/STM32CubeIDE/plugins/com.st.stm32cube.ide.mcu.externaltools.gnu-tools-for-stm32.14.3.rel1.win32_1.0.100.202602081740/tools/bin/../lib/gcc/arm-none-eabi/14.3.1/../../../../arm-none-eabi/lib/thumb/v7e-m+dp/hard\libc_nano.a(libc_a-lock.o)
                0x08004f14                __retarget_lock_release_recursive
 *fill*         0x08004f16        0x2 
 .text._free_r  0x08004f18       0x94 C:/ST/STM32CubeIDE_2.1.0/STM32CubeIDE/plugins/com.st.stm32cube.ide.mcu.externaltools.gnu-tools-for-stm32.14.3.rel1.win32_1.0.100.202602081740/tools/bin/../lib/gcc/arm-none-eabi/14.3.1/../../../../arm-none-eabi/lib/thumb/v7e-m+dp/hard\libc_nano.a(libc_a-freer.o)
                0x08004f18                _free_r
 .text.sbrk_aligned
                0x08004fac       0x44 C:/ST/STM32CubeIDE_2.1.0/STM32CubeIDE/plugins/com.st.stm32cube.ide.mcu.externaltools.gnu-tools-for-stm32.14.3.rel1.win32_1.0.100.202602081740/tools/bin/../lib/gcc/arm-none-eabi/14.3.1/../../../../arm-none-eabi/lib/thumb/v7e-m+dp/hard\libc_nano.a(libc_a-mallocr.o)
 .text._malloc_r
                0x08004ff0      0x100 C:/ST/STM32CubeIDE_2.1.0/STM32CubeIDE/plugins/com.st.stm32cube.ide.mcu.externaltools.gnu-tools-for-stm32.14.3.rel1.win32_1.0.100.202602081740/tools/bin/../lib/gcc/arm-none-eabi/14.3.1/../../../../arm-none-eabi/lib/thumb/v7e-m+dp/hard\libc_nano.a(libc_a-mallocr.o)
                0x08004ff0                _malloc_r
 .text.__malloc_lock
                0x080050f0        0xc C:/ST/STM32CubeIDE_2.1.0/STM32CubeIDE/plugins/com.st.stm32cube.ide.mcu.externaltools.gnu-tools-for-stm32.14.3.rel1.win32_1.0.100.202602081740/tools/bin/../lib/gcc/arm-none-eabi/14.3.1/../../../../arm-none-eabi/lib/thumb/v7e-m+dp/hard\libc_nano.a(libc_a-mlock.o)
                0x080050f0                __malloc_lock
 .text.__malloc_unlock
                0x080050fc        0xc C:/ST/STM32CubeIDE_2.1.0/STM32CubeIDE/plugins/com.st.stm32cube.ide.mcu.externaltools.gnu-tools-for-stm32.14.3.rel1.win32_1.0.100.202602081740/tools/bin/../lib/gcc/arm-none-eabi/14.3.1/../../../../arm-none-eabi/lib/thumb/v7e-m+dp/hard\libc_nano.a(libc_a-mlock.o)
                0x080050fc                __malloc_unlock
 .text.__sfputc_r
                0x08005108       0x2e C:/ST/STM32CubeIDE_2.1.0/STM32CubeIDE/plugins/com.st.stm32cube.ide.mcu.externaltools.gnu-tools-for-stm32.14.3.rel1.win32_1.0.100.202602081740/tools/bin/../lib/gcc/arm-none-eabi/14.3.1/../../../../arm-none-eabi/lib/thumb/v7e-m+dp/hard\libc_nano.a(libc_a-nano-vfprintf.o)
 .text.__sfputs_r
                0x08005136       0x24 C:/ST/STM32CubeIDE_2.1.0/STM32CubeIDE/plugins/com.st.stm32cube.ide.mcu.externaltools.gnu-tools-for-stm32.14.3.rel1.win32_1.0.100.202602081740/tools/bin/../lib/gcc/arm-none-eabi/14.3.1/../../../../arm-none-eabi/lib/thumb/v7e-m+dp/hard\libc_nano.a(libc_a-nano-vfprintf.o)
                0x08005136                __sfputs_r
 *fill*         0x0800515a        0x2 
 .text._vfprintf_r
                0x0800515c      0x228 C:/ST/STM32CubeIDE_2.1.0/STM32CubeIDE/plugins/com.st.stm32cube.ide.mcu.externaltools.gnu-tools-for-stm32.14.3.rel1.win32_1.0.100.202602081740/tools/bin/../lib/gcc/arm-none-eabi/14.3.1/../../../../arm-none-eabi/lib/thumb/v7e-m+dp/hard\libc_nano.a(libc_a-nano-vfprintf.o)
                0x0800515c                _vfprintf_r
                0x0800515c                _vfiprintf_r
 .text._printf_common
                0x08005384       0xda C:/ST/STM32CubeIDE_2.1.0/STM32CubeIDE/plugins/com.st.stm32cube.ide.mcu.externaltools.gnu-tools-for-stm32.14.3.rel1.win32_1.0.100.202602081740/tools/bin/../lib/gcc/arm-none-eabi/14.3.1/../../../../arm-none-eabi/lib/thumb/v7e-m+dp/hard\libc_nano.a(libc_a-nano-vfprintf_i.o)
                0x08005384                _printf_common
 *fill*         0x0800545e        0x2 
 .text._printf_i
                0x08005460      0x24c C:/ST/STM32CubeIDE_2.1.0/STM32CubeIDE/plugins/com.st.stm32cube.ide.mcu.externaltools.gnu-tools-for-stm32.14.3.rel1.win32_1.0.100.202602081740/tools/bin/../lib/gcc/arm-none-eabi/14.3.1/../../../../arm-none-eabi/lib/thumb/v7e-m+dp/hard\libc_nano.a(libc_a-nano-vfprintf_i.o)
                0x08005460                _printf_i
 .text.__sflush_r
                0x080056ac      0x104 C:/ST/STM32CubeIDE_2.1.0/STM32CubeIDE/plugins/com.st.stm32cube.ide.mcu.externaltools.gnu-tools-for-stm32.14.3.rel1.win32_1.0.100.202602081740/tools/bin/../lib/gcc/arm-none-eabi/14.3.1/../../../../arm-none-eabi/lib/thumb/v7e-m+dp/hard\libc_nano.a(libc_a-fflush.o)
                0x080056ac                __sflush_r
 .text._fflush_r
                0x080057b0       0x50 C:/ST/STM32CubeIDE_2.1.0/STM32CubeIDE/plugins/com.st.stm32cube.ide.mcu.externaltools.gnu-tools-for-stm32.14.3.rel1.win32_1.0.100.202602081740/tools/bin/../lib/gcc/arm-none-eabi/14.3.1/../../../../arm-none-eabi/lib/thumb/v7e-m+dp/hard\libc_nano.a(libc_a-fflush.o)
                0x080057b0                _fflush_r
 .text.__swhatbuf_r
                0x08005800       0x48 C:/ST/STM32CubeIDE_2.1.0/STM32CubeIDE/plugins/com.st.stm32cube.ide.mcu.externaltools.gnu-tools-for-stm32.14.3.rel1.win32_1.0.100.202602081740/tools/bin/../lib/gcc/arm-none-eabi/14.3.1/../../../../arm-none-eabi/lib/thumb/v7e-m+dp/hard\libc_nano.a(libc_a-makebuf.o)
                0x08005800                __swhatbuf_r
 .text.__smakebuf_r
                0x08005848       0x72 C:/ST/STM32CubeIDE_2.1.0/STM32CubeIDE/plugins/com.st.stm32cube.ide.mcu.externaltools.gnu-tools-for-stm32.14.3.rel1.win32_1.0.100.202602081740/tools/bin/../lib/gcc/arm-none-eabi/14.3.1/../../../../arm-none-eabi/lib/thumb/v7e-m+dp/hard\libc_nano.a(libc_a-makebuf.o)
                0x08005848                __smakebuf_r
 *fill*         0x080058ba        0x2 
 .text._fstat_r
                0x080058bc       0x24 C:/ST/STM32CubeIDE_2.1.0/STM32CubeIDE/plugins/com.st.stm32cube.ide.mcu.externaltools.gnu-tools-for-stm32.14.3.rel1.win32_1.0.100.202602081740/tools/bin/../lib/gcc/arm-none-eabi/14.3.1/../../../../arm-none-eabi/lib/thumb/v7e-m+dp/hard\libc_nano.a(libc_a-fstatr.o)
                0x080058bc                _fstat_r
 .text._isatty_r
                0x080058e0       0x20 C:/ST/STM32CubeIDE_2.1.0/STM32CubeIDE/plugins/com.st.stm32cube.ide.mcu.externaltools.gnu-tools-for-stm32.14.3.rel1.win32_1.0.100.202602081740/tools/bin/../lib/gcc/arm-none-eabi/14.3.1/../../../../arm-none-eabi/lib/thumb/v7e-m+dp/hard\libc_nano.a(libc_a-isattyr.o)
                0x080058e0                _isatty_r
 .text._sbrk_r  0x08005900       0x20 C:/ST/STM32CubeIDE_2.1.0/STM32CubeIDE/plugins/com.st.stm32cube.ide.mcu.externaltools.gnu-tools-for-stm32.14.3.rel1.win32_1.0.100.202602081740/tools/bin/../lib/gcc/arm-none-eabi/14.3.1/../../../../arm-none-eabi/lib/thumb/v7e-m+dp/hard\libc_nano.a(libc_a-sbrkr.o)
                0x08005900                _sbrk_r
 *(.glue_7)
 .glue_7        0x08005920        0x0 linker stubs
 *(.glue_7t)
 .glue_7t       0x08005920        0x0 linker stubs
 *(.eh_frame)
 .eh_frame      0x08005920        0x0 C:/ST/STM32CubeIDE_2.1.0/STM32CubeIDE/plugins/com.st.stm32cube.ide.mcu.externaltools.gnu-tools-for-stm32.14.3.rel1.win32_1.0.100.202602081740/tools/bin/../lib/gcc/arm-none-eabi/14.3.1/thumb/v7e-m+dp/hard/crtbegin.o
 *(.init)
 .init          0x08005920        0x4 C:/ST/STM32CubeIDE_2.1.0/STM32CubeIDE/plugins/com.st.stm32cube.ide.mcu.externaltools.gnu-tools-for-stm32.14.3.rel1.win32_1.0.100.202602081740/tools/bin/../lib/gcc/arm-none-eabi/14.3.1/thumb/v7e-m+dp/hard/crti.o
                0x08005920                _init
 .init          0x08005924        0x8 C:/ST/STM32CubeIDE_2.1.0/STM32CubeIDE/plugins/com.st.stm32cube.ide.mcu.externaltools.gnu-tools-for-stm32.14.3.rel1.win32_1.0.100.202602081740/tools/bin/../lib/gcc/arm-none-eabi/14.3.1/thumb/v7e-m+dp/hard/crtn.o
 *(.fini)
 .fini          0x0800592c        0x4 C:/ST/STM32CubeIDE_2.1.0/STM32CubeIDE/plugins/com.st.stm32cube.ide.mcu.externaltools.gnu-tools-for-stm32.14.3.rel1.win32_1.0.100.202602081740/tools/bin/../lib/gcc/arm-none-eabi/14.3.1/thumb/v7e-m+dp/hard/crti.o
                0x0800592c                _fini
 .fini          0x08005930        0x8 C:/ST/STM32CubeIDE_2.1.0/STM32CubeIDE/plugins/com.st.stm32cube.ide.mcu.externaltools.gnu-tools-for-stm32.14.3.rel1.win32_1.0.100.202602081740/tools/bin/../lib/gcc/arm-none-eabi/14.3.1/thumb/v7e-m+dp/hard/crtn.o
                0x08005938                        . = ALIGN (0x4)
                0x08005938                        _etext = .

.vfp11_veneer   0x08005938        0x0
 .vfp11_veneer  0x08005938        0x0 linker stubs

.v4_bx          0x08005938        0x0
 .v4_bx         0x08005938        0x0 linker stubs

.iplt           0x08005938        0x0
 .iplt          0x08005938        0x0 C:/ST/STM32CubeIDE_2.1.0/STM32CubeIDE/plugins/com.st.stm32cube.ide.mcu.externaltools.gnu-tools-for-stm32.14.3.rel1.win32_1.0.100.202602081740/tools/bin/../lib/gcc/arm-none-eabi/14.3.1/thumb/v7e-m+dp/hard/crtbegin.o

.rodata         0x08005938      0x1b8
                0x08005938                        . = ALIGN (0x4)
 *(.rodata)
 .rodata        0x08005938       0x78 ./Core/Src/hcsr04.o
 *(.rodata*)
 .rodata.main.str1.4
                0x080059b0       0xd5 ./Core/Src/main.o
 *fill*         0x08005a85        0x3 
 .rodata.D1CorePrescTable
                0x08005a88       0x10 ./Core/Src/system_stm32h7xx.o
                0x08005a88                D1CorePrescTable
 .rodata.LED_PIN
                0x08005a98        0x6 ./Drivers/BSP/STM32H7xx_Nucleo/stm32h7xx_nucleo.o
 *fill*         0x08005a9e        0x2 
 .rodata.BUTTON_EXTI_LINE.2
                0x08005aa0        0x4 ./Drivers/BSP/STM32H7xx_Nucleo/stm32h7xx_nucleo.o
 .rodata.UARTPrescTable
                0x08005aa4       0x18 ./Drivers/STM32H7xx_HAL_Driver/Src/stm32h7xx_hal_uart.o
                0x08005aa4                UARTPrescTable
 .rodata._vfprintf_r.str1.1
                0x08005abc       0x33 C:/ST/STM32CubeIDE_2.1.0/STM32CubeIDE/plugins/com.st.stm32cube.ide.mcu.externaltools.gnu-tools-for-stm32.14.3.rel1.win32_1.0.100.202602081740/tools/bin/../lib/gcc/arm-none-eabi/14.3.1/../../../../arm-none-eabi/lib/thumb/v7e-m+dp/hard\libc_nano.a(libc_a-nano-vfprintf.o)
                                 0x11 (size before relaxing)
 .rodata._printf_i.str1.1
                0x08005aef       0x22 C:/ST/STM32CubeIDE_2.1.0/STM32CubeIDE/plugins/com.st.stm32cube.ide.mcu.externaltools.gnu-tools-for-stm32.14.3.rel1.win32_1.0.100.202602081740/tools/bin/../lib/gcc/arm-none-eabi/14.3.1/../../../../arm-none-eabi/lib/thumb/v7e-m+dp/hard\libc_nano.a(libc_a-nano-vfprintf_i.o)
                0x08005b14                        . = ALIGN (0x4)
 *fill*         0x08005aef        0x1 

.ARM.extab
 *(.ARM.extab* .gnu.linkonce.armextab.*)

.ARM            0x08005af0        0x8
                0x08005af0                        __exidx_start = .
 *(.ARM.exidx*)
 .ARM.exidx     0x08005af0        0x8 C:/ST/STM32CubeIDE_2.1.0/STM32CubeIDE/plugins/com.st.stm32cube.ide.mcu.externaltools.gnu-tools-for-stm32.14.3.rel1.win32_1.0.100.202602081740/tools/bin/../lib/gcc/arm-none-eabi/14.3.1/../../../../arm-none-eabi/lib/thumb/v7e-m+dp/hard\libc_nano.a(libc_a-memchr.o)
 .ARM.exidx     0x08005af8        0x0 C:/ST/STM32CubeIDE_2.1.0/STM32CubeIDE/plugins/com.st.stm32cube.ide.mcu.externaltools.gnu-tools-for-stm32.14.3.rel1.win32_1.0.100.202602081740/tools/bin/../lib/gcc/arm-none-eabi/14.3.1/thumb/v7e-m+dp/hard\libgcc.a(_udivmoddi4.o)
                                  0x8 (size before relaxing)
                0x08005af8                        __exidx_end = .

.preinit_array  0x08005af8        0x0
                0x08005af8                        PROVIDE (__preinit_array_start = .)
 *(.preinit_array*)
                0x08005af8                        PROVIDE (__preinit_array_end = .)

.init_array     0x08005af8        0x4
                0x08005af8                        PROVIDE (__init_array_start = .)
 *(SORT_BY_NAME(.init_array.*))
 *(.init_array*)
 .init_array    0x08005af8        0x4 C:/ST/STM32CubeIDE_2.1.0/STM32CubeIDE/plugins/com.st.stm32cube.ide.mcu.externaltools.gnu-tools-for-stm32.14.3.rel1.win32_1.0.100.202602081740/tools/bin/../lib/gcc/arm-none-eabi/14.3.1/thumb/v7e-m+dp/hard/crtbegin.o
                0x08005afc                        PROVIDE (__init_array_end = .)

.fini_array     0x08005afc        0x4
                [!provide]                        PROVIDE (__fini_array_start = .)
 *(SORT_BY_NAME(.fini_array.*))
 *(.fini_array*)
 .fini_array    0x08005afc        0x4 C:/ST/STM32CubeIDE_2.1.0/STM32CubeIDE/plugins/com.st.stm32cube.ide.mcu.externaltools.gnu-tools-for-stm32.14.3.rel1.win32_1.0.100.202602081740/tools/bin/../lib/gcc/arm-none-eabi/14.3.1/thumb/v7e-m+dp/hard/crtbegin.o
                [!provide]                        PROVIDE (__fini_array_end = .)
                0x08005b00                        _sidata = LOADADDR (.data)

.rel.dyn        0x08005b00        0x0
 .rel.iplt      0x08005b00        0x0 C:/ST/STM32CubeIDE_2.1.0/STM32CubeIDE/plugins/com.st.stm32cube.ide.mcu.externaltools.gnu-tools-for-stm32.14.3.rel1.win32_1.0.100.202602081740/tools/bin/../lib/gcc/arm-none-eabi/14.3.1/thumb/v7e-m+dp/hard/crtbegin.o

.data           0x24000000       0xb8 load address 0x08005b00
                0x24000000                        . = ALIGN (0x4)
                0x24000000                        _sdata = .
 *(.data)
 *(.data*)
 .data.sensorEmptyCm
                0x24000000       0x18 ./Core/Src/cup_detector.o
 .data.sensorCupMaxCm
                0x24000018       0x18 ./Core/Src/cup_detector.o
 .data.SystemCoreClock
                0x24000030        0x4 ./Core/Src/system_stm32h7xx.o
                0x24000030                SystemCoreClock
 .data.SystemD2Clock
                0x24000034        0x4 ./Core/Src/system_stm32h7xx.o
                0x24000034                SystemD2Clock
 .data.COM_USART
                0x24000038        0x4 ./Drivers/BSP/STM32H7xx_Nucleo/stm32h7xx_nucleo.o
                0x24000038                COM_USART
 .data.LED_PORT
                0x2400003c        0xc ./Drivers/BSP/STM32H7xx_Nucleo/stm32h7xx_nucleo.o
 .data.BUTTON_PORT
                0x24000048        0x4 ./Drivers/BSP/STM32H7xx_Nucleo/stm32h7xx_nucleo.o
 .data.ButtonCallback.1
                0x2400004c        0x4 ./Drivers/BSP/STM32H7xx_Nucleo/stm32h7xx_nucleo.o
 .data.BSP_BUTTON_PRIO.0
                0x24000050        0x4 ./Drivers/BSP/STM32H7xx_Nucleo/stm32h7xx_nucleo.o
 .data.uwTickPrio
                0x24000054        0x4 ./Drivers/STM32H7xx_HAL_Driver/Src/stm32h7xx_hal.o
                0x24000054                uwTickPrio
 .data.uwTickFreq
                0x24000058        0x1 ./Drivers/STM32H7xx_HAL_Driver/Src/stm32h7xx_hal.o
                0x24000058                uwTickFreq
 *fill*         0x24000059        0x3 
 .data.__sglue  0x2400005c        0xc C:/ST/STM32CubeIDE_2.1.0/STM32CubeIDE/plugins/com.st.stm32cube.ide.mcu.externaltools.gnu-tools-for-stm32.14.3.rel1.win32_1.0.100.202602081740/tools/bin/../lib/gcc/arm-none-eabi/14.3.1/../../../../arm-none-eabi/lib/thumb/v7e-m+dp/hard\libc_nano.a(libc_a-findfp.o)
                0x2400005c                __sglue
 .data._impure_ptr
                0x24000068        0x4 C:/ST/STM32CubeIDE_2.1.0/STM32CubeIDE/plugins/com.st.stm32cube.ide.mcu.externaltools.gnu-tools-for-stm32.14.3.rel1.win32_1.0.100.202602081740/tools/bin/../lib/gcc/arm-none-eabi/14.3.1/../../../../arm-none-eabi/lib/thumb/v7e-m+dp/hard\libc_nano.a(libc_a-impure.o)
                0x24000068                _impure_ptr
 .data._impure_data
                0x2400006c       0x4c C:/ST/STM32CubeIDE_2.1.0/STM32CubeIDE/plugins/com.st.stm32cube.ide.mcu.externaltools.gnu-tools-for-stm32.14.3.rel1.win32_1.0.100.202602081740/tools/bin/../lib/gcc/arm-none-eabi/14.3.1/../../../../arm-none-eabi/lib/thumb/v7e-m+dp/hard\libc_nano.a(libc_a-impure.o)
                0x2400006c                _impure_data
 *(.RamFunc)
 *(.RamFunc*)
                0x240000b8                        . = ALIGN (0x4)
                0x240000b8                        _edata = .

.igot.plt       0x240000b8        0x0 load address 0x08005bb8
 .igot.plt      0x240000b8        0x0 C:/ST/STM32CubeIDE_2.1.0/STM32CubeIDE/plugins/com.st.stm32cube.ide.mcu.externaltools.gnu-tools-for-stm32.14.3.rel1.win32_1.0.100.202602081740/tools/bin/../lib/gcc/arm-none-eabi/14.3.1/thumb/v7e-m+dp/hard/crtbegin.o
                0x240000b8                        . = ALIGN (0x4)

.bss            0x240000b8      0x308 load address 0x08005bb8
                0x240000b8                        _sbss = .
                0x240000b8                        __bss_start__ = _sbss
 *(.bss)
 .bss           0x240000b8       0x1c C:/ST/STM32CubeIDE_2.1.0/STM32CubeIDE/plugins/com.st.stm32cube.ide.mcu.externaltools.gnu-tools-for-stm32.14.3.rel1.win32_1.0.100.202602081740/tools/bin/../lib/gcc/arm-none-eabi/14.3.1/thumb/v7e-m+dp/hard/crtbegin.o
 *(.bss*)
 .bss.slotStatus
                0x240000d4        0x6 ./Core/Src/cup_detector.o
                0x240000d4                slotStatus
 *fill*         0x240000da        0x2 
 .bss.history   0x240000dc       0x48 ./Core/Src/cup_detector.o
 .bss.histIndex
                0x24000124        0x6 ./Core/Src/cup_detector.o
 *fill*         0x2400012a        0x2 
 .bss.histFull  0x2400012c        0x6 ./Core/Src/cup_detector.o
 *fill*         0x24000132        0x2 
 .bss.stableCount
                0x24000134        0x6 ./Core/Src/cup_detector.o
 *fill*         0x2400013a        0x2 
 .bss.lastStatus
                0x2400013c        0x6 ./Core/Src/cup_detector.o
 *fill*         0x24000142        0x2 
 .bss.sensors   0x24000144       0x78 ./Core/Src/hcsr04.o
                0x24000144                sensors
 .bss.BspCOMInit
                0x240001bc       0x10 ./Core/Src/main.o
                0x240001bc                BspCOMInit
 .bss.__sbrk_heap_end
                0x240001cc        0x4 ./Core/Src/sysmem.o
 .bss.hpb_exti  0x240001d0        0x8 ./Drivers/BSP/STM32H7xx_Nucleo/stm32h7xx_nucleo.o
                0x240001d0                hpb_exti
 .bss.hcom_uart
                0x240001d8       0x94 ./Drivers/BSP/STM32H7xx_Nucleo/stm32h7xx_nucleo.o
                0x240001d8                hcom_uart
 .bss.COM_ActiveLogPort
                0x2400026c        0x1 ./Drivers/BSP/STM32H7xx_Nucleo/stm32h7xx_nucleo.o
 *fill*         0x2400026d        0x3 
 .bss.uwTick    0x24000270        0x4 ./Drivers/STM32H7xx_HAL_Driver/Src/stm32h7xx_hal.o
                0x24000270                uwTick
 .bss.__sf      0x24000274      0x138 C:/ST/STM32CubeIDE_2.1.0/STM32CubeIDE/plugins/com.st.stm32cube.ide.mcu.externaltools.gnu-tools-for-stm32.14.3.rel1.win32_1.0.100.202602081740/tools/bin/../lib/gcc/arm-none-eabi/14.3.1/../../../../arm-none-eabi/lib/thumb/v7e-m+dp/hard\libc_nano.a(libc_a-findfp.o)
                0x24000274                __sf
 .bss.__stdio_exit_handler
                0x240003ac        0x4 C:/ST/STM32CubeIDE_2.1.0/STM32CubeIDE/plugins/com.st.stm32cube.ide.mcu.externaltools.gnu-tools-for-stm32.14.3.rel1.win32_1.0.100.202602081740/tools/bin/../lib/gcc/arm-none-eabi/14.3.1/../../../../arm-none-eabi/lib/thumb/v7e-m+dp/hard\libc_nano.a(libc_a-findfp.o)
                0x240003ac                __stdio_exit_handler
 .bss.errno     0x240003b0        0x4 C:/ST/STM32CubeIDE_2.1.0/STM32CubeIDE/plugins/com.st.stm32cube.ide.mcu.externaltools.gnu-tools-for-stm32.14.3.rel1.win32_1.0.100.202602081740/tools/bin/../lib/gcc/arm-none-eabi/14.3.1/../../../../arm-none-eabi/lib/thumb/v7e-m+dp/hard\libc_nano.a(libc_a-reent.o)
                0x240003b0                errno
 .bss.__lock___malloc_recursive_mutex
                0x240003b4        0x1 C:/ST/STM32CubeIDE_2.1.0/STM32CubeIDE/plugins/com.st.stm32cube.ide.mcu.externaltools.gnu-tools-for-stm32.14.3.rel1.win32_1.0.100.202602081740/tools/bin/../lib/gcc/arm-none-eabi/14.3.1/../../../../arm-none-eabi/lib/thumb/v7e-m+dp/hard\libc_nano.a(libc_a-lock.o)
                0x240003b4                __lock___malloc_recursive_mutex
 .bss.__lock___sfp_recursive_mutex
                0x240003b5        0x1 C:/ST/STM32CubeIDE_2.1.0/STM32CubeIDE/plugins/com.st.stm32cube.ide.mcu.externaltools.gnu-tools-for-stm32.14.3.rel1.win32_1.0.100.202602081740/tools/bin/../lib/gcc/arm-none-eabi/14.3.1/../../../../arm-none-eabi/lib/thumb/v7e-m+dp/hard\libc_nano.a(libc_a-lock.o)
                0x240003b5                __lock___sfp_recursive_mutex
 *fill*         0x240003b6        0x2 
 .bss.__malloc_sbrk_start
                0x240003b8        0x4 C:/ST/STM32CubeIDE_2.1.0/STM32CubeIDE/plugins/com.st.stm32cube.ide.mcu.externaltools.gnu-tools-for-stm32.14.3.rel1.win32_1.0.100.202602081740/tools/bin/../lib/gcc/arm-none-eabi/14.3.1/../../../../arm-none-eabi/lib/thumb/v7e-m+dp/hard\libc_nano.a(libc_a-mallocr.o)
                0x240003b8                __malloc_sbrk_start
 .bss.__malloc_free_list
                0x240003bc        0x4 C:/ST/STM32CubeIDE_2.1.0/STM32CubeIDE/plugins/com.st.stm32cube.ide.mcu.externaltools.gnu-tools-for-stm32.14.3.rel1.win32_1.0.100.202602081740/tools/bin/../lib/gcc/arm-none-eabi/14.3.1/../../../../arm-none-eabi/lib/thumb/v7e-m+dp/hard\libc_nano.a(libc_a-mallocr.o)
                0x240003bc                __malloc_free_list
 *(COMMON)
                0x240003c0                        . = ALIGN (0x4)
                0x240003c0                        _ebss = .
                0x240003c0                        __bss_end__ = _ebss

._user_heap_stack
                0x240003c0      0x600 load address 0x08005bb8
                0x240003c0                        . = ALIGN (0x8)
                [!provide]                        PROVIDE (end = .)
                0x240003c0                        PROVIDE (_end = .)
                0x240005c0                        . = (. + _Min_Heap_Size)
 *fill*         0x240003c0      0x200 
                0x240009c0                        . = (. + _Min_Stack_Size)
 *fill*         0x240005c0      0x400 
                0x240009c0                        . = ALIGN (0x8)

/DISCARD/
 libc.a(*)
 libm.a(*)
 libgcc.a(*)

.ARM.attributes
                0x00000000       0x2e
 *(.ARM.attributes)
 .ARM.attributes
                0x00000000       0x20 C:/ST/STM32CubeIDE_2.1.0/STM32CubeIDE/plugins/com.st.stm32cube.ide.mcu.externaltools.gnu-tools-for-stm32.14.3.rel1.win32_1.0.100.202602081740/tools/bin/../lib/gcc/arm-none-eabi/14.3.1/thumb/v7e-m+dp/hard/crti.o
 .ARM.attributes
                0x00000020       0x32 C:/ST/STM32CubeIDE_2.1.0/STM32CubeIDE/plugins/com.st.stm32cube.ide.mcu.externaltools.gnu-tools-for-stm32.14.3.rel1.win32_1.0.100.202602081740/tools/bin/../lib/gcc/arm-none-eabi/14.3.1/thumb/v7e-m+dp/hard/crtbegin.o
 .ARM.attributes
                0x00000052       0x32 ./Core/Src/cup_detector.o
 .ARM.attributes
                0x00000084       0x32 ./Core/Src/delay_us.o
 .ARM.attributes
                0x000000b6       0x32 ./Core/Src/hcsr04.o
 .ARM.attributes
                0x000000e8       0x32 ./Core/Src/main.o
 .ARM.attributes
                0x0000011a       0x32 ./Core/Src/stm32h7xx_hal_msp.o
 .ARM.attributes
                0x0000014c       0x32 ./Core/Src/stm32h7xx_it.o
 .ARM.attributes
                0x0000017e       0x32 ./Core/Src/syscalls.o
 .ARM.attributes
                0x000001b0       0x32 ./Core/Src/sysmem.o
 .ARM.attributes
                0x000001e2       0x32 ./Core/Src/system_stm32h7xx.o
 .ARM.attributes
                0x00000214       0x21 ./Core/Startup/startup_stm32h723zgtx.o
 .ARM.attributes
                0x00000235       0x32 ./Drivers/BSP/STM32H7xx_Nucleo/stm32h7xx_nucleo.o
 .ARM.attributes
                0x00000267       0x32 ./Drivers/STM32H7xx_HAL_Driver/Src/stm32h7xx_hal.o
 .ARM.attributes
                0x00000299       0x32 ./Drivers/STM32H7xx_HAL_Driver/Src/stm32h7xx_hal_cortex.o
 .ARM.attributes
                0x000002cb       0x32 ./Drivers/STM32H7xx_HAL_Driver/Src/stm32h7xx_hal_exti.o
 .ARM.attributes
                0x000002fd       0x32 ./Drivers/STM32H7xx_HAL_Driver/Src/stm32h7xx_hal_gpio.o
 .ARM.attributes
                0x0000032f       0x32 ./Drivers/STM32H7xx_HAL_Driver/Src/stm32h7xx_hal_pwr_ex.o
 .ARM.attributes
                0x00000361       0x32 ./Drivers/STM32H7xx_HAL_Driver/Src/stm32h7xx_hal_rcc.o
 .ARM.attributes
                0x00000393       0x32 ./Drivers/STM32H7xx_HAL_Driver/Src/stm32h7xx_hal_rcc_ex.o
 .ARM.attributes
                0x000003c5       0x32 ./Drivers/STM32H7xx_HAL_Driver/Src/stm32h7xx_hal_uart.o
 .ARM.attributes
                0x000003f7       0x32 C:/ST/STM32CubeIDE_2.1.0/STM32CubeIDE/plugins/com.st.stm32cube.ide.mcu.externaltools.gnu-tools-for-stm32.14.3.rel1.win32_1.0.100.202602081740/tools/bin/../lib/gcc/arm-none-eabi/14.3.1/../../../../arm-none-eabi/lib/thumb/v7e-m+dp/hard\libc_nano.a(libc_a-findfp.o)
 .ARM.attributes
                0x00000429       0x32 C:/ST/STM32CubeIDE_2.1.0/STM32CubeIDE/plugins/com.st.stm32cube.ide.mcu.externaltools.gnu-tools-for-stm32.14.3.rel1.win32_1.0.100.202602081740/tools/bin/../lib/gcc/arm-none-eabi/14.3.1/../../../../arm-none-eabi/lib/thumb/v7e-m+dp/hard\libc_nano.a(libc_a-fwalk.o)
 .ARM.attributes
                0x0000045b       0x32 C:/ST/STM32CubeIDE_2.1.0/STM32CubeIDE/plugins/com.st.stm32cube.ide.mcu.externaltools.gnu-tools-for-stm32.14.3.rel1.win32_1.0.100.202602081740/tools/bin/../lib/gcc/arm-none-eabi/14.3.1/../../../../arm-none-eabi/lib/thumb/v7e-m+dp/hard\libc_nano.a(libc_a-printf.o)
 .ARM.attributes
                0x0000048d       0x32 C:/ST/STM32CubeIDE_2.1.0/STM32CubeIDE/plugins/com.st.stm32cube.ide.mcu.externaltools.gnu-tools-for-stm32.14.3.rel1.win32_1.0.100.202602081740/tools/bin/../lib/gcc/arm-none-eabi/14.3.1/../../../../arm-none-eabi/lib/thumb/v7e-m+dp/hard\libc_nano.a(libc_a-puts.o)
 .ARM.attributes
                0x000004bf       0x32 C:/ST/STM32CubeIDE_2.1.0/STM32CubeIDE/plugins/com.st.stm32cube.ide.mcu.externaltools.gnu-tools-for-stm32.14.3.rel1.win32_1.0.100.202602081740/tools/bin/../lib/gcc/arm-none-eabi/14.3.1/../../../../arm-none-eabi/lib/thumb/v7e-m+dp/hard\libc_nano.a(libc_a-stdio.o)
 .ARM.attributes
                0x000004f1       0x32 C:/ST/STM32CubeIDE_2.1.0/STM32CubeIDE/plugins/com.st.stm32cube.ide.mcu.externaltools.gnu-tools-for-stm32.14.3.rel1.win32_1.0.100.202602081740/tools/bin/../lib/gcc/arm-none-eabi/14.3.1/../../../../arm-none-eabi/lib/thumb/v7e-m+dp/hard\libc_nano.a(libc_a-wbuf.o)
 .ARM.attributes
                0x00000523       0x32 C:/ST/STM32CubeIDE_2.1.0/STM32CubeIDE/plugins/com.st.stm32cube.ide.mcu.externaltools.gnu-tools-for-stm32.14.3.rel1.win32_1.0.100.202602081740/tools/bin/../lib/gcc/arm-none-eabi/14.3.1/../../../../arm-none-eabi/lib/thumb/v7e-m+dp/hard\libc_nano.a(libc_a-wsetup.o)
 .ARM.attributes
                0x00000555       0x32 C:/ST/STM32CubeIDE_2.1.0/STM32CubeIDE/plugins/com.st.stm32cube.ide.mcu.externaltools.gnu-tools-for-stm32.14.3.rel1.win32_1.0.100.202602081740/tools/bin/../lib/gcc/arm-none-eabi/14.3.1/../../../../arm-none-eabi/lib/thumb/v7e-m+dp/hard\libc_nano.a(libc_a-memset.o)
 .ARM.attributes
                0x00000587       0x32 C:/ST/STM32CubeIDE_2.1.0/STM32CubeIDE/plugins/com.st.stm32cube.ide.mcu.externaltools.gnu-tools-for-stm32.14.3.rel1.win32_1.0.100.202602081740/tools/bin/../lib/gcc/arm-none-eabi/14.3.1/../../../../arm-none-eabi/lib/thumb/v7e-m+dp/hard\libc_nano.a(libc_a-closer.o)
 .ARM.attributes
                0x000005b9       0x32 C:/ST/STM32CubeIDE_2.1.0/STM32CubeIDE/plugins/com.st.stm32cube.ide.mcu.externaltools.gnu-tools-for-stm32.14.3.rel1.win32_1.0.100.202602081740/tools/bin/../lib/gcc/arm-none-eabi/14.3.1/../../../../arm-none-eabi/lib/thumb/v7e-m+dp/hard\libc_nano.a(libc_a-reent.o)
 .ARM.attributes
                0x000005eb       0x32 C:/ST/STM32CubeIDE_2.1.0/STM32CubeIDE/plugins/com.st.stm32cube.ide.mcu.externaltools.gnu-tools-for-stm32.14.3.rel1.win32_1.0.100.202602081740/tools/bin/../lib/gcc/arm-none-eabi/14.3.1/../../../../arm-none-eabi/lib/thumb/v7e-m+dp/hard\libc_nano.a(libc_a-impure.o)
 .ARM.attributes
                0x0000061d       0x32 C:/ST/STM32CubeIDE_2.1.0/STM32CubeIDE/plugins/com.st.stm32cube.ide.mcu.externaltools.gnu-tools-for-stm32.14.3.rel1.win32_1.0.100.202602081740/tools/bin/../lib/gcc/arm-none-eabi/14.3.1/../../../../arm-none-eabi/lib/thumb/v7e-m+dp/hard\libc_nano.a(libc_a-lseekr.o)
 .ARM.attributes
                0x0000064f       0x32 C:/ST/STM32CubeIDE_2.1.0/STM32CubeIDE/plugins/com.st.stm32cube.ide.mcu.externaltools.gnu-tools-for-stm32.14.3.rel1.win32_1.0.100.202602081740/tools/bin/../lib/gcc/arm-none-eabi/14.3.1/../../../../arm-none-eabi/lib/thumb/v7e-m+dp/hard\libc_nano.a(libc_a-readr.o)
 .ARM.attributes
                0x00000681       0x32 C:/ST/STM32CubeIDE_2.1.0/STM32CubeIDE/plugins/com.st.stm32cube.ide.mcu.externaltools.gnu-tools-for-stm32.14.3.rel1.win32_1.0.100.202602081740/tools/bin/../lib/gcc/arm-none-eabi/14.3.1/../../../../arm-none-eabi/lib/thumb/v7e-m+dp/hard\libc_nano.a(libc_a-writer.o)
 .ARM.attributes
                0x000006b3       0x32 C:/ST/STM32CubeIDE_2.1.0/STM32CubeIDE/plugins/com.st.stm32cube.ide.mcu.externaltools.gnu-tools-for-stm32.14.3.rel1.win32_1.0.100.202602081740/tools/bin/../lib/gcc/arm-none-eabi/14.3.1/../../../../arm-none-eabi/lib/thumb/v7e-m+dp/hard\libc_nano.a(libc_a-errno.o)
 .ARM.attributes
                0x000006e5       0x32 C:/ST/STM32CubeIDE_2.1.0/STM32CubeIDE/plugins/com.st.stm32cube.ide.mcu.externaltools.gnu-tools-for-stm32.14.3.rel1.win32_1.0.100.202602081740/tools/bin/../lib/gcc/arm-none-eabi/14.3.1/../../../../arm-none-eabi/lib/thumb/v7e-m+dp/hard\libc_nano.a(libc_a-init.o)
 .ARM.attributes
                0x00000717       0x32 C:/ST/STM32CubeIDE_2.1.0/STM32CubeIDE/plugins/com.st.stm32cube.ide.mcu.externaltools.gnu-tools-for-stm32.14.3.rel1.win32_1.0.100.202602081740/tools/bin/../lib/gcc/arm-none-eabi/14.3.1/../../../../arm-none-eabi/lib/thumb/v7e-m+dp/hard\libc_nano.a(libc_a-lock.o)
 .ARM.attributes
                0x00000749       0x32 C:/ST/STM32CubeIDE_2.1.0/STM32CubeIDE/plugins/com.st.stm32cube.ide.mcu.externaltools.gnu-tools-for-stm32.14.3.rel1.win32_1.0.100.202602081740/tools/bin/../lib/gcc/arm-none-eabi/14.3.1/../../../../arm-none-eabi/lib/thumb/v7e-m+dp/hard\libc_nano.a(libc_a-freer.o)
 .ARM.attributes
                0x0000077b       0x32 C:/ST/STM32CubeIDE_2.1.0/STM32CubeIDE/plugins/com.st.stm32cube.ide.mcu.externaltools.gnu-tools-for-stm32.14.3.rel1.win32_1.0.100.202602081740/tools/bin/../lib/gcc/arm-none-eabi/14.3.1/../../../../arm-none-eabi/lib/thumb/v7e-m+dp/hard\libc_nano.a(libc_a-mallocr.o)
 .ARM.attributes
                0x000007ad       0x32 C:/ST/STM32CubeIDE_2.1.0/STM32CubeIDE/plugins/com.st.stm32cube.ide.mcu.externaltools.gnu-tools-for-stm32.14.3.rel1.win32_1.0.100.202602081740/tools/bin/../lib/gcc/arm-none-eabi/14.3.1/../../../../arm-none-eabi/lib/thumb/v7e-m+dp/hard\libc_nano.a(libc_a-mlock.o)
 .ARM.attributes
                0x000007df       0x32 C:/ST/STM32CubeIDE_2.1.0/STM32CubeIDE/plugins/com.st.stm32cube.ide.mcu.externaltools.gnu-tools-for-stm32.14.3.rel1.win32_1.0.100.202602081740/tools/bin/../lib/gcc/arm-none-eabi/14.3.1/../../../../arm-none-eabi/lib/thumb/v7e-m+dp/hard\libc_nano.a(libc_a-nano-vfprintf.o)
 .ARM.attributes
                0x00000811       0x32 C:/ST/STM32CubeIDE_2.1.0/STM32CubeIDE/plugins/com.st.stm32cube.ide.mcu.externaltools.gnu-tools-for-stm32.14.3.rel1.win32_1.0.100.202602081740/tools/bin/../lib/gcc/arm-none-eabi/14.3.1/../../../../arm-none-eabi/lib/thumb/v7e-m+dp/hard\libc_nano.a(libc_a-nano-vfprintf_i.o)
 .ARM.attributes
                0x00000843       0x32 C:/ST/STM32CubeIDE_2.1.0/STM32CubeIDE/plugins/com.st.stm32cube.ide.mcu.externaltools.gnu-tools-for-stm32.14.3.rel1.win32_1.0.100.202602081740/tools/bin/../lib/gcc/arm-none-eabi/14.3.1/../../../../arm-none-eabi/lib/thumb/v7e-m+dp/hard\libc_nano.a(libc_a-fflush.o)
 .ARM.attributes
                0x00000875       0x32 C:/ST/STM32CubeIDE_2.1.0/STM32CubeIDE/plugins/com.st.stm32cube.ide.mcu.externaltools.gnu-tools-for-stm32.14.3.rel1.win32_1.0.100.202602081740/tools/bin/../lib/gcc/arm-none-eabi/14.3.1/../../../../arm-none-eabi/lib/thumb/v7e-m+dp/hard\libc_nano.a(libc_a-makebuf.o)
 .ARM.attributes
                0x000008a7       0x32 C:/ST/STM32CubeIDE_2.1.0/STM32CubeIDE/plugins/com.st.stm32cube.ide.mcu.externaltools.gnu-tools-for-stm32.14.3.rel1.win32_1.0.100.202602081740/tools/bin/../lib/gcc/arm-none-eabi/14.3.1/../../../../arm-none-eabi/lib/thumb/v7e-m+dp/hard\libc_nano.a(libc_a-fstatr.o)
 .ARM.attributes
                0x000008d9       0x32 C:/ST/STM32CubeIDE_2.1.0/STM32CubeIDE/plugins/com.st.stm32cube.ide.mcu.externaltools.gnu-tools-for-stm32.14.3.rel1.win32_1.0.100.202602081740/tools/bin/../lib/gcc/arm-none-eabi/14.3.1/../../../../arm-none-eabi/lib/thumb/v7e-m+dp/hard\libc_nano.a(libc_a-isattyr.o)
 .ARM.attributes
                0x0000090b       0x32 C:/ST/STM32CubeIDE_2.1.0/STM32CubeIDE/plugins/com.st.stm32cube.ide.mcu.externaltools.gnu-tools-for-stm32.14.3.rel1.win32_1.0.100.202602081740/tools/bin/../lib/gcc/arm-none-eabi/14.3.1/../../../../arm-none-eabi/lib/thumb/v7e-m+dp/hard\libc_nano.a(libc_a-sbrkr.o)
 .ARM.attributes
                0x0000093d       0x1c C:/ST/STM32CubeIDE_2.1.0/STM32CubeIDE/plugins/com.st.stm32cube.ide.mcu.externaltools.gnu-tools-for-stm32.14.3.rel1.win32_1.0.100.202602081740/tools/bin/../lib/gcc/arm-none-eabi/14.3.1/../../../../arm-none-eabi/lib/thumb/v7e-m+dp/hard\libc_nano.a(libc_a-memchr.o)
 .ARM.attributes
                0x00000959       0x20 C:/ST/STM32CubeIDE_2.1.0/STM32CubeIDE/plugins/com.st.stm32cube.ide.mcu.externaltools.gnu-tools-for-stm32.14.3.rel1.win32_1.0.100.202602081740/tools/bin/../lib/gcc/arm-none-eabi/14.3.1/thumb/v7e-m+dp/hard\libgcc.a(_aeabi_uldivmod.o)
 .ARM.attributes
                0x00000979       0x32 C:/ST/STM32CubeIDE_2.1.0/STM32CubeIDE/plugins/com.st.stm32cube.ide.mcu.externaltools.gnu-tools-for-stm32.14.3.rel1.win32_1.0.100.202602081740/tools/bin/../lib/gcc/arm-none-eabi/14.3.1/thumb/v7e-m+dp/hard\libgcc.a(_udivmoddi4.o)
 .ARM.attributes
                0x000009ab       0x20 C:/ST/STM32CubeIDE_2.1.0/STM32CubeIDE/plugins/com.st.stm32cube.ide.mcu.externaltools.gnu-tools-for-stm32.14.3.rel1.win32_1.0.100.202602081740/tools/bin/../lib/gcc/arm-none-eabi/14.3.1/thumb/v7e-m+dp/hard\libgcc.a(_dvmd_tls.o)
 .ARM.attributes
                0x000009cb       0x20 C:/ST/STM32CubeIDE_2.1.0/STM32CubeIDE/plugins/com.st.stm32cube.ide.mcu.externaltools.gnu-tools-for-stm32.14.3.rel1.win32_1.0.100.202602081740/tools/bin/../lib/gcc/arm-none-eabi/14.3.1/thumb/v7e-m+dp/hard/crtn.o
OUTPUT(HCSR04_NucleoH723_S6.elf elf32-littlearm)
LOAD linker stubs
LOAD C:/ST/STM32CubeIDE_2.1.0/STM32CubeIDE/plugins/com.st.stm32cube.ide.mcu.externaltools.gnu-tools-for-stm32.14.3.rel1.win32_1.0.100.202602081740/tools/bin/../lib/gcc/arm-none-eabi/14.3.1/../../../../arm-none-eabi/lib/thumb/v7e-m+dp/hard\libc.a
LOAD C:/ST/STM32CubeIDE_2.1.0/STM32CubeIDE/plugins/com.st.stm32cube.ide.mcu.externaltools.gnu-tools-for-stm32.14.3.rel1.win32_1.0.100.202602081740/tools/bin/../lib/gcc/arm-none-eabi/14.3.1/../../../../arm-none-eabi/lib/thumb/v7e-m+dp/hard\libm.a
LOAD C:/ST/STM32CubeIDE_2.1.0/STM32CubeIDE/plugins/com.st.stm32cube.ide.mcu.externaltools.gnu-tools-for-stm32.14.3.rel1.win32_1.0.100.202602081740/tools/bin/../lib/gcc/arm-none-eabi/14.3.1/thumb/v7e-m+dp/hard\libgcc.a

.debug_info     0x00000000    0x1062d
 .debug_info    0x00000000      0x4d2 ./Core/Src/cup_detector.o
 .debug_info    0x000004d2      0x2c4 ./Core/Src/delay_us.o
 .debug_info    0x00000796      0x5a5 ./Core/Src/hcsr04.o
 .debug_info    0x00000d3b      0xed4 ./Core/Src/main.o
 .debug_info    0x00001c0f      0x464 ./Core/Src/stm32h7xx_hal_msp.o
 .debug_info    0x00002073      0x170 ./Core/Src/stm32h7xx_it.o
 .debug_info    0x000021e3      0x6a3 ./Core/Src/syscalls.o
 .debug_info    0x00002886      0x168 ./Core/Src/sysmem.o
 .debug_info    0x000029ee      0xbff ./Core/Src/system_stm32h7xx.o
 .debug_info    0x000035ed       0x30 ./Core/Startup/startup_stm32h723zgtx.o
 .debug_info    0x0000361d     0x1a6f ./Drivers/BSP/STM32H7xx_Nucleo/stm32h7xx_nucleo.o
 .debug_info    0x0000508c     0x1698 ./Drivers/STM32H7xx_HAL_Driver/Src/stm32h7xx_hal.o
 .debug_info    0x00006724     0x10b2 ./Drivers/STM32H7xx_HAL_Driver/Src/stm32h7xx_hal_cortex.o
 .debug_info    0x000077d6      0x927 ./Drivers/STM32H7xx_HAL_Driver/Src/stm32h7xx_hal_exti.o
 .debug_info    0x000080fd      0xc6b ./Drivers/STM32H7xx_HAL_Driver/Src/stm32h7xx_hal_gpio.o
 .debug_info    0x00008d68      0xddb ./Drivers/STM32H7xx_HAL_Driver/Src/stm32h7xx_hal_pwr_ex.o
 .debug_info    0x00009b43      0xd8c ./Drivers/STM32H7xx_HAL_Driver/Src/stm32h7xx_hal_rcc.o
 .debug_info    0x0000a8cf     0x120b ./Drivers/STM32H7xx_HAL_Driver/Src/stm32h7xx_hal_rcc_ex.o
 .debug_info    0x0000bada     0x4b53 ./Drivers/STM32H7xx_HAL_Driver/Src/stm32h7xx_hal_uart.o

.debug_abbrev   0x00000000     0x2592
 .debug_abbrev  0x00000000      0x1c1 ./Core/Src/cup_detector.o
 .debug_abbrev  0x000001c1      0x124 ./Core/Src/delay_us.o
 .debug_abbrev  0x000002e5      0x24b ./Core/Src/hcsr04.o
 .debug_abbrev  0x00000530      0x2fb ./Core/Src/main.o
 .debug_abbrev  0x0000082b       0xdb ./Core/Src/stm32h7xx_hal_msp.o
 .debug_abbrev  0x00000906       0xbc ./Core/Src/stm32h7xx_it.o
 .debug_abbrev  0x000009c2      0x1b6 ./Core/Src/syscalls.o
 .debug_abbrev  0x00000b78       0xbc ./Core/Src/sysmem.o
 .debug_abbrev  0x00000c34      0x153 ./Core/Src/system_stm32h7xx.o
 .debug_abbrev  0x00000d87       0x24 ./Core/Startup/startup_stm32h723zgtx.o
 .debug_abbrev  0x00000dab      0x340 ./Drivers/BSP/STM32H7xx_Nucleo/stm32h7xx_nucleo.o
 .debug_abbrev  0x000010eb      0x29e ./Drivers/STM32H7xx_HAL_Driver/Src/stm32h7xx_hal.o
 .debug_abbrev  0x00001389      0x339 ./Drivers/STM32H7xx_HAL_Driver/Src/stm32h7xx_hal_cortex.o
 .debug_abbrev  0x000016c2      0x1df ./Drivers/STM32H7xx_HAL_Driver/Src/stm32h7xx_hal_exti.o
 .debug_abbrev  0x000018a1      0x205 ./Drivers/STM32H7xx_HAL_Driver/Src/stm32h7xx_hal_gpio.o
 .debug_abbrev  0x00001aa6      0x295 ./Drivers/STM32H7xx_HAL_Driver/Src/stm32h7xx_hal_pwr_ex.o
 .debug_abbrev  0x00001d3b      0x2b1 ./Drivers/STM32H7xx_HAL_Driver/Src/stm32h7xx_hal_rcc.o
 .debug_abbrev  0x00001fec      0x269 ./Drivers/STM32H7xx_HAL_Driver/Src/stm32h7xx_hal_rcc_ex.o
 .debug_abbrev  0x00002255      0x33d ./Drivers/STM32H7xx_HAL_Driver/Src/stm32h7xx_hal_uart.o

.debug_aranges  0x00000000      0xc08
 .debug_aranges
                0x00000000       0x40 ./Core/Src/cup_detector.o
 .debug_aranges
                0x00000040       0x28 ./Core/Src/delay_us.o
 .debug_aranges
                0x00000068       0x40 ./Core/Src/hcsr04.o
 .debug_aranges
                0x000000a8       0x40 ./Core/Src/main.o
 .debug_aranges
                0x000000e8       0x20 ./Core/Src/stm32h7xx_hal_msp.o
 .debug_aranges
                0x00000108       0x68 ./Core/Src/stm32h7xx_it.o
 .debug_aranges
                0x00000170       0xa8 ./Core/Src/syscalls.o
 .debug_aranges
                0x00000218       0x20 ./Core/Src/sysmem.o
 .debug_aranges
                0x00000238       0x30 ./Core/Src/system_stm32h7xx.o
 .debug_aranges
                0x00000268       0x28 ./Core/Startup/startup_stm32h723zgtx.o
 .debug_aranges
                0x00000290       0xb8 ./Drivers/BSP/STM32H7xx_Nucleo/stm32h7xx_nucleo.o
 .debug_aranges
                0x00000348      0x1c8 ./Drivers/STM32H7xx_HAL_Driver/Src/stm32h7xx_hal.o
 .debug_aranges
                0x00000510      0x130 ./Drivers/STM32H7xx_HAL_Driver/Src/stm32h7xx_hal_cortex.o
 .debug_aranges
                0x00000640       0x60 ./Drivers/STM32H7xx_HAL_Driver/Src/stm32h7xx_hal_exti.o
 .debug_aranges
                0x000006a0       0x58 ./Drivers/STM32H7xx_HAL_Driver/Src/stm32h7xx_hal_gpio.o
 .debug_aranges
                0x000006f8      0x148 ./Drivers/STM32H7xx_HAL_Driver/Src/stm32h7xx_hal_pwr_ex.o
 .debug_aranges
                0x00000840       0x88 ./Drivers/STM32H7xx_HAL_Driver/Src/stm32h7xx_hal_rcc.o
 .debug_aranges
                0x000008c8       0xf8 ./Drivers/STM32H7xx_HAL_Driver/Src/stm32h7xx_hal_rcc_ex.o
 .debug_aranges
                0x000009c0      0x248 ./Drivers/STM32H7xx_HAL_Driver/Src/stm32h7xx_hal_uart.o

.debug_rnglists
                0x00000000      0x91e
 .debug_rnglists
                0x00000000       0x30 ./Core/Src/cup_detector.o
 .debug_rnglists
                0x00000030       0x19 ./Core/Src/delay_us.o
 .debug_rnglists
                0x00000049       0x2e ./Core/Src/hcsr04.o
 .debug_rnglists
                0x00000077       0x2e ./Core/Src/main.o
 .debug_rnglists
                0x000000a5       0x13 ./Core/Src/stm32h7xx_hal_msp.o
 .debug_rnglists
                0x000000b8       0x49 ./Core/Src/stm32h7xx_it.o
 .debug_rnglists
                0x00000101       0x79 ./Core/Src/syscalls.o
 .debug_rnglists
                0x0000017a       0x13 ./Core/Src/sysmem.o
 .debug_rnglists
                0x0000018d       0x21 ./Core/Src/system_stm32h7xx.o
 .debug_rnglists
                0x000001ae       0x19 ./Core/Startup/startup_stm32h723zgtx.o
 .debug_rnglists
                0x000001c7       0x88 ./Drivers/BSP/STM32H7xx_Nucleo/stm32h7xx_nucleo.o
 .debug_rnglists
                0x0000024f      0x155 ./Drivers/STM32H7xx_HAL_Driver/Src/stm32h7xx_hal.o
 .debug_rnglists
                0x000003a4       0xe0 ./Drivers/STM32H7xx_HAL_Driver/Src/stm32h7xx_hal_cortex.o
 .debug_rnglists
                0x00000484       0x46 ./Drivers/STM32H7xx_HAL_Driver/Src/stm32h7xx_hal_exti.o
 .debug_rnglists
                0x000004ca       0x3f ./Drivers/STM32H7xx_HAL_Driver/Src/stm32h7xx_hal_gpio.o
 .debug_rnglists
                0x00000509       0xf5 ./Drivers/STM32H7xx_HAL_Driver/Src/stm32h7xx_hal_pwr_ex.o
 .debug_rnglists
                0x000005fe       0x68 ./Drivers/STM32H7xx_HAL_Driver/Src/stm32h7xx_hal_rcc.o
 .debug_rnglists
                0x00000666       0xc0 ./Drivers/STM32H7xx_HAL_Driver/Src/stm32h7xx_hal_rcc_ex.o
 .debug_rnglists
                0x00000726      0x1f8 ./Drivers/STM32H7xx_HAL_Driver/Src/stm32h7xx_hal_uart.o

.debug_macro    0x00000000    0x335fa
 .debug_macro   0x00000000      0x330 ./Core/Src/cup_detector.o
 .debug_macro   0x00000330      0xaf6 ./Core/Src/cup_detector.o
 .debug_macro   0x00000e26       0x22 ./Core/Src/cup_detector.o
 .debug_macro   0x00000e48       0x8e ./Core/Src/cup_detector.o
 .debug_macro   0x00000ed6       0x51 ./Core/Src/cup_detector.o
 .debug_macro   0x00000f27      0x103 ./Core/Src/cup_detector.o
 .debug_macro   0x0000102a       0x6a ./Core/Src/cup_detector.o
 .debug_macro   0x00001094      0x1df ./Core/Src/cup_detector.o
 .debug_macro   0x00001273      0x232 ./Core/Src/cup_detector.o
 .debug_macro   0x000014a5       0x2e ./Core/Src/cup_detector.o
 .debug_macro   0x000014d3       0x3b ./Core/Src/cup_detector.o
 .debug_macro   0x0000150e       0x1c ./Core/Src/cup_detector.o
 .debug_macro   0x0000152a       0x22 ./Core/Src/cup_detector.o
 .debug_macro   0x0000154c       0xfb ./Core/Src/cup_detector.o
 .debug_macro   0x00001647     0x1313 ./Core/Src/cup_detector.o
 .debug_macro   0x0000295a      0x11f ./Core/Src/cup_detector.o
 .debug_macro   0x00002a79       0x22 ./Core/Src/cup_detector.o
 .debug_macro   0x00002a9b    0x216c1 ./Core/Src/cup_detector.o
 .debug_macro   0x0002415c       0x6d ./Core/Src/cup_detector.o
 .debug_macro   0x000241c9     0x3d64 ./Core/Src/cup_detector.o
 .debug_macro   0x00027f2d      0x190 ./Core/Src/cup_detector.o
 .debug_macro   0x000280bd       0x61 ./Core/Src/cup_detector.o
 .debug_macro   0x0002811e       0x29 ./Core/Src/cup_detector.o
 .debug_macro   0x00028147       0x43 ./Core/Src/cup_detector.o
 .debug_macro   0x0002818a       0x34 ./Core/Src/cup_detector.o
 .debug_macro   0x000281be      0x364 ./Core/Src/cup_detector.o
 .debug_macro   0x00028522       0x16 ./Core/Src/cup_detector.o
 .debug_macro   0x00028538       0x4a ./Core/Src/cup_detector.o
 .debug_macro   0x00028582       0x34 ./Core/Src/cup_detector.o
 .debug_macro   0x000285b6       0x10 ./Core/Src/cup_detector.o
 .debug_macro   0x000285c6       0x58 ./Core/Src/cup_detector.o
 .debug_macro   0x0002861e       0x8e ./Core/Src/cup_detector.o
 .debug_macro   0x000286ac       0x1c ./Core/Src/cup_detector.o
 .debug_macro   0x000286c8      0x17e ./Core/Src/cup_detector.o
 .debug_macro   0x00028846      0x19b ./Core/Src/cup_detector.o
 .debug_macro   0x000289e1       0x5d ./Core/Src/cup_detector.o
 .debug_macro   0x00028a3e     0x2462 ./Core/Src/cup_detector.o
 .debug_macro   0x0002aea0     0x1079 ./Core/Src/cup_detector.o
 .debug_macro   0x0002bf19      0x154 ./Core/Src/cup_detector.o
 .debug_macro   0x0002c06d      0x114 ./Core/Src/cup_detector.o
 .debug_macro   0x0002c181      0x3fc ./Core/Src/cup_detector.o
 .debug_macro   0x0002c57d       0xac ./Core/Src/cup_detector.o
 .debug_macro   0x0002c629      0x788 ./Core/Src/cup_detector.o
 .debug_macro   0x0002cdb1      0x228 ./Core/Src/cup_detector.o
 .debug_macro   0x0002cfd9       0x66 ./Core/Src/cup_detector.o
 .debug_macro   0x0002d03f      0x3a6 ./Core/Src/cup_detector.o
 .debug_macro   0x0002d3e5      0x3f9 ./Core/Src/cup_detector.o
 .debug_macro   0x0002d7de      0x275 ./Core/Src/cup_detector.o
 .debug_macro   0x0002da53      0x3ca ./Core/Src/cup_detector.o
 .debug_macro   0x0002de1d      0x45c ./Core/Src/cup_detector.o
 .debug_macro   0x0002e279       0x3c ./Core/Src/cup_detector.o
 .debug_macro   0x0002e2b5       0x4a ./Core/Src/cup_detector.o
 .debug_macro   0x0002e2ff      0x22c ./Core/Src/cup_detector.o
 .debug_macro   0x0002e52b       0x67 ./Core/Src/cup_detector.o
 .debug_macro   0x0002e592       0xa5 ./Core/Src/cup_detector.o
 .debug_macro   0x0002e637      0x1c4 ./Core/Src/cup_detector.o
 .debug_macro   0x0002e7fb      0x22a ./Core/Src/cup_detector.o
 .debug_macro   0x0002ea25       0x35 ./Core/Src/cup_detector.o
 .debug_macro   0x0002ea5a      0x693 ./Core/Src/cup_detector.o
 .debug_macro   0x0002f0ed       0xa6 ./Core/Src/cup_detector.o
 .debug_macro   0x0002f193      0x5f2 ./Core/Src/cup_detector.o
 .debug_macro   0x0002f785       0x2e ./Core/Src/cup_detector.o
 .debug_macro   0x0002f7b3       0x52 ./Core/Src/cup_detector.o
 .debug_macro   0x0002f805      0x131 ./Core/Src/cup_detector.o
 .debug_macro   0x0002f936       0x1c ./Core/Src/cup_detector.o
 .debug_macro   0x0002f952       0x3c ./Core/Src/cup_detector.o
 .debug_macro   0x0002f98e       0x10 ./Core/Src/cup_detector.o
 .debug_macro   0x0002f99e       0x1c ./Core/Src/cup_detector.o
 .debug_macro   0x0002f9ba       0x16 ./Core/Src/cup_detector.o
 .debug_macro   0x0002f9d0      0x146 ./Core/Src/cup_detector.o
 .debug_macro   0x0002fb16       0x1c ./Core/Src/cup_detector.o
 .debug_macro   0x0002fb32      0x2aa ./Core/Src/delay_us.o
 .debug_macro   0x0002fddc      0x31e ./Core/Src/hcsr04.o
 .debug_macro   0x000300fa      0x35c ./Core/Src/main.o
 .debug_macro   0x00030456       0x16 ./Core/Src/main.o
 .debug_macro   0x0003046c       0x20 ./Core/Src/main.o
 .debug_macro   0x0003048c      0x304 ./Core/Src/stm32h7xx_hal_msp.o
 .debug_macro   0x00030790      0x30e ./Core/Src/stm32h7xx_it.o
 .debug_macro   0x00030a9e      0x274 ./Core/Src/syscalls.o
 .debug_macro   0x00030d12       0x5b ./Core/Src/syscalls.o
 .debug_macro   0x00030d6d       0x94 ./Core/Src/syscalls.o
 .debug_macro   0x00030e01       0x57 ./Core/Src/syscalls.o
 .debug_macro   0x00030e58       0x10 ./Core/Src/syscalls.o
 .debug_macro   0x00030e68       0x10 ./Core/Src/syscalls.o
 .debug_macro   0x00030e78       0x10 ./Core/Src/syscalls.o
 .debug_macro   0x00030e88       0x10 ./Core/Src/syscalls.o
 .debug_macro   0x00030e98       0x1c ./Core/Src/syscalls.o
 .debug_macro   0x00030eb4       0x52 ./Core/Src/syscalls.o
 .debug_macro   0x00030f06       0x22 ./Core/Src/syscalls.o
 .debug_macro   0x00030f28       0x10 ./Core/Src/syscalls.o
 .debug_macro   0x00030f38       0x52 ./Core/Src/syscalls.o
 .debug_macro   0x00030f8a       0xcf ./Core/Src/syscalls.o
 .debug_macro   0x00031059       0x1c ./Core/Src/syscalls.o
 .debug_macro   0x00031075       0x3d ./Core/Src/syscalls.o
 .debug_macro   0x000310b2       0x35 ./Core/Src/syscalls.o
 .debug_macro   0x000310e7      0x12c ./Core/Src/syscalls.o
 .debug_macro   0x00031213       0x16 ./Core/Src/syscalls.o
 .debug_macro   0x00031229       0x16 ./Core/Src/syscalls.o
 .debug_macro   0x0003123f       0x29 ./Core/Src/syscalls.o
 .debug_macro   0x00031268       0x10 ./Core/Src/syscalls.o
 .debug_macro   0x00031278      0x242 ./Core/Src/syscalls.o
 .debug_macro   0x000314ba       0x10 ./Core/Src/syscalls.o
 .debug_macro   0x000314ca      0x18a ./Core/Src/syscalls.o
 .debug_macro   0x00031654       0x16 ./Core/Src/syscalls.o
 .debug_macro   0x0003166a       0xce ./Core/Src/syscalls.o
 .debug_macro   0x00031738      0x112 ./Core/Src/sysmem.o
 .debug_macro   0x0003184a      0x23c ./Core/Src/sysmem.o
 .debug_macro   0x00031a86      0x2a0 ./Core/Src/system_stm32h7xx.o
 .debug_macro   0x00031d26      0x2c7 ./Drivers/BSP/STM32H7xx_Nucleo/stm32h7xx_nucleo.o
 .debug_macro   0x00031fed       0x28 ./Drivers/BSP/STM32H7xx_Nucleo/stm32h7xx_nucleo.o
 .debug_macro   0x00032015      0x2ca ./Drivers/STM32H7xx_HAL_Driver/Src/stm32h7xx_hal.o
 .debug_macro   0x000322df      0x2a0 ./Drivers/STM32H7xx_HAL_Driver/Src/stm32h7xx_hal_cortex.o
 .debug_macro   0x0003257f      0x2ae ./Drivers/STM32H7xx_HAL_Driver/Src/stm32h7xx_hal_exti.o
 .debug_macro   0x0003282d      0x2a7 ./Drivers/STM32H7xx_HAL_Driver/Src/stm32h7xx_hal_gpio.o
 .debug_macro   0x00032ad4      0x2d9 ./Drivers/STM32H7xx_HAL_Driver/Src/stm32h7xx_hal_pwr_ex.o
 .debug_macro   0x00032dad      0x2c4 ./Drivers/STM32H7xx_HAL_Driver/Src/stm32h7xx_hal_rcc.o
 .debug_macro   0x00033071      0x2be ./Drivers/STM32H7xx_HAL_Driver/Src/stm32h7xx_hal_rcc_ex.o
 .debug_macro   0x0003332f      0x2cb ./Drivers/STM32H7xx_HAL_Driver/Src/stm32h7xx_hal_uart.o

.debug_line     0x00000000    0x11813
 .debug_line    0x00000000      0xb72 ./Core/Src/cup_detector.o
 .debug_line    0x00000b72      0x900 ./Core/Src/delay_us.o
 .debug_line    0x00001472      0xaa1 ./Core/Src/hcsr04.o
 .debug_line    0x00001f13      0xb4b ./Core/Src/main.o
 .debug_line    0x00002a5e      0x94f ./Core/Src/stm32h7xx_hal_msp.o
 .debug_line    0x000033ad      0xa17 ./Core/Src/stm32h7xx_it.o
 .debug_line    0x00003dc4      0x8b1 ./Core/Src/syscalls.o
 .debug_line    0x00004675      0x58d ./Core/Src/sysmem.o
 .debug_line    0x00004c02      0xabe ./Core/Src/system_stm32h7xx.o
 .debug_line    0x000056c0       0x7b ./Core/Startup/startup_stm32h723zgtx.o
 .debug_line    0x0000573b      0xcd3 ./Drivers/BSP/STM32H7xx_Nucleo/stm32h7xx_nucleo.o
 .debug_line    0x0000640e      0xf2d ./Drivers/STM32H7xx_HAL_Driver/Src/stm32h7xx_hal.o
 .debug_line    0x0000733b      0xe7f ./Drivers/STM32H7xx_HAL_Driver/Src/stm32h7xx_hal_cortex.o
 .debug_line    0x000081ba      0xd4d ./Drivers/STM32H7xx_HAL_Driver/Src/stm32h7xx_hal_exti.o
 .debug_line    0x00008f07      0xd1e ./Drivers/STM32H7xx_HAL_Driver/Src/stm32h7xx_hal_gpio.o
 .debug_line    0x00009c25      0xf68 ./Drivers/STM32H7xx_HAL_Driver/Src/stm32h7xx_hal_pwr_ex.o
 .debug_line    0x0000ab8d     0x14a7 ./Drivers/STM32H7xx_HAL_Driver/Src/stm32h7xx_hal_rcc.o
 .debug_line    0x0000c034     0x1d5b ./Drivers/STM32H7xx_HAL_Driver/Src/stm32h7xx_hal_rcc_ex.o
 .debug_line    0x0000dd8f     0x3a84 ./Drivers/STM32H7xx_HAL_Driver/Src/stm32h7xx_hal_uart.o

.debug_str      0x00000000   0x143964
 .debug_str     0x00000000   0x143964 ./Core/Src/cup_detector.o
                             0x13d48a (size before relaxing)
 .debug_str     0x00143964   0x13c41f ./Core/Src/delay_us.o
 .debug_str     0x00143964   0x13d465 ./Core/Src/hcsr04.o
 .debug_str     0x00143964   0x13dced ./Core/Src/main.o
 .debug_str     0x00143964   0x13d437 ./Core/Src/stm32h7xx_hal_msp.o
 .debug_str     0x00143964   0x13d2e0 ./Core/Src/stm32h7xx_it.o
 .debug_str     0x00143964     0x99d3 ./Core/Src/syscalls.o
 .debug_str     0x00143964     0x777d ./Core/Src/sysmem.o
 .debug_str     0x00143964   0x13c81f ./Core/Src/system_stm32h7xx.o
 .debug_str     0x00143964       0x97 ./Core/Startup/startup_stm32h723zgtx.o
 .debug_str     0x00143964   0x13e146 ./Drivers/BSP/STM32H7xx_Nucleo/stm32h7xx_nucleo.o
 .debug_str     0x00143964   0x13d863 ./Drivers/STM32H7xx_HAL_Driver/Src/stm32h7xx_hal.o
 .debug_str     0x00143964   0x13d184 ./Drivers/STM32H7xx_HAL_Driver/Src/stm32h7xx_hal_cortex.o
 .debug_str     0x00143964   0x13c688 ./Drivers/STM32H7xx_HAL_Driver/Src/stm32h7xx_hal_exti.o
 .debug_str     0x00143964   0x13c824 ./Drivers/STM32H7xx_HAL_Driver/Src/stm32h7xx_hal_gpio.o
 .debug_str     0x00143964   0x13cc33 ./Drivers/STM32H7xx_HAL_Driver/Src/stm32h7xx_hal_pwr_ex.o
 .debug_str     0x00143964   0x13cba7 ./Drivers/STM32H7xx_HAL_Driver/Src/stm32h7xx_hal_rcc.o
 .debug_str     0x00143964   0x13d0bf ./Drivers/STM32H7xx_HAL_Driver/Src/stm32h7xx_hal_rcc_ex.o
 .debug_str     0x00143964   0x13d747 ./Drivers/STM32H7xx_HAL_Driver/Src/stm32h7xx_hal_uart.o

.comment        0x00000000       0x43
 .comment       0x00000000       0x43 ./Core/Src/cup_detector.o
                                 0x44 (size before relaxing)
 .comment       0x00000043       0x44 ./Core/Src/delay_us.o
 .comment       0x00000043       0x44 ./Core/Src/hcsr04.o
 .comment       0x00000043       0x44 ./Core/Src/main.o
 .comment       0x00000043       0x44 ./Core/Src/stm32h7xx_hal_msp.o
 .comment       0x00000043       0x44 ./Core/Src/stm32h7xx_it.o
 .comment       0x00000043       0x44 ./Core/Src/syscalls.o
 .comment       0x00000043       0x44 ./Core/Src/sysmem.o
 .comment       0x00000043       0x44 ./Core/Src/system_stm32h7xx.o
 .comment       0x00000043       0x44 ./Drivers/BSP/STM32H7xx_Nucleo/stm32h7xx_nucleo.o
 .comment       0x00000043       0x44 ./Drivers/STM32H7xx_HAL_Driver/Src/stm32h7xx_hal.o
 .comment       0x00000043       0x44 ./Drivers/STM32H7xx_HAL_Driver/Src/stm32h7xx_hal_cortex.o
 .comment       0x00000043       0x44 ./Drivers/STM32H7xx_HAL_Driver/Src/stm32h7xx_hal_exti.o
 .comment       0x00000043       0x44 ./Drivers/STM32H7xx_HAL_Driver/Src/stm32h7xx_hal_gpio.o
 .comment       0x00000043       0x44 ./Drivers/STM32H7xx_HAL_Driver/Src/stm32h7xx_hal_pwr_ex.o
 .comment       0x00000043       0x44 ./Drivers/STM32H7xx_HAL_Driver/Src/stm32h7xx_hal_rcc.o
 .comment       0x00000043       0x44 ./Drivers/STM32H7xx_HAL_Driver/Src/stm32h7xx_hal_rcc_ex.o
 .comment       0x00000043       0x44 ./Drivers/STM32H7xx_HAL_Driver/Src/stm32h7xx_hal_uart.o

.debug_frame    0x00000000     0x34f0
 .debug_frame   0x00000000       0xc4 ./Core/Src/cup_detector.o
 .debug_frame   0x000000c4       0x50 ./Core/Src/delay_us.o
 .debug_frame   0x00000114       0xd0 ./Core/Src/hcsr04.o
 .debug_frame   0x000001e4       0xb4 ./Core/Src/main.o
 .debug_frame   0x00000298       0x34 ./Core/Src/stm32h7xx_hal_msp.o
 .debug_frame   0x000002cc      0x114 ./Core/Src/stm32h7xx_it.o
 .debug_frame   0x000003e0      0x288 ./Core/Src/syscalls.o
 .debug_frame   0x00000668       0x34 ./Core/Src/sysmem.o